Component: ARM Compiler 5.06 update 2 (build 183) Tool: armlink [4d35b7]

==============================================================================

Section Cross References

    main.o(.text) refers to _printf_pad.o(.text) for _printf_pre_padding
    main.o(.text) refers to _printf_percent.o(.ARM.Collect$$_printf_percent$$00000000) for _printf_percent
    main.o(.text) refers to _printf_f.o(.ARM.Collect$$_printf_percent$$00000003) for _printf_f
    main.o(.text) refers to _printf_c.o(.ARM.Collect$$_printf_percent$$00000013) for _printf_c
    main.o(.text) refers to printf1.o(x$fpl$printf1) for _printf_fp_dec
    main.o(.text) refers to _printf_str.o(.text) for _printf_str
    main.o(.text) refers to _printf_s.o(.ARM.Collect$$_printf_percent$$00000014) for _printf_s
    main.o(.text) refers to _printf_d.o(.ARM.Collect$$_printf_percent$$00000009) for _printf_d
    main.o(.text) refers to _printf_dec.o(.text) for _printf_int_dec
    main.o(.text) refers to fflt_clz.o(x$fpl$ffltu) for __aeabi_ui2f
    main.o(.text) refers to fdiv.o(x$fpl$fdiv) for __aeabi_fdiv
    main.o(.text) refers to f2d.o(x$fpl$f2d) for __aeabi_f2d
    main.o(.text) refers to __2sprintf.o(.text) for __2sprintf
    main.o(.text) refers to lcd.o(.text) for LCD_ShowString
    main.o(.text) refers to fflt_clz.o(x$fpl$fflt) for __aeabi_i2f
    main.o(.text) refers to delay.o(.text) for delay_ms
    main.o(.text) refers to gps.o(.text) for GPS_Analysis
    main.o(.text) refers to __2printf.o(.text) for __2printf
    main.o(.text) refers to key.o(.text) for KEY_Scan
    main.o(.text) refers to os_cpu_a.o(.text) for OS_CPU_SR_Save
    main.o(.text) refers to os_task.o(.text) for OSTaskCreate
    main.o(.text) refers to misc.o(.text) for NVIC_PriorityGroupConfig
    main.o(.text) refers to usart.o(.text) for uart_init
    main.o(.text) refers to usart2.o(.text) for USART2_Init
    main.o(.text) refers to led.o(.text) for LED_Init
    main.o(.text) refers to lcd.o(.data) for POINT_COLOR
    main.o(.text) refers to main.o(.bss) for gpsx
    main.o(.text) refers to main.o(.data) for fixmode_tbl
    main.o(.text) refers to usart2.o(.data) for USART2_RX_STA
    main.o(.text) refers to usart2.o(.bss) for USART2_RX_BUF
    main.o(.text) refers to usmart_config.o(.data) for usmart_dev
    main.o(.text) refers to os_core.o(.text) for OSInit
    main.o(.data) refers to main.o(.conststring) for .conststring
    system_stm32f10x.o(.text) refers to system_stm32f10x.o(.data) for SystemCoreClock
    led.o(.text) refers to stm32f10x_rcc.o(.text) for RCC_APB2PeriphClockCmd
    led.o(.text) refers to stm32f10x_gpio.o(.text) for GPIO_Init
    key.o(.text) refers to stm32f10x_rcc.o(.text) for RCC_APB2PeriphClockCmd
    key.o(.text) refers to stm32f10x_gpio.o(.text) for GPIO_PinRemapConfig
    key.o(.text) refers to delay.o(.text) for delay_ms
    key.o(.text) refers to key.o(.data) for key_up
    usart2.o(.text) refers to stm32f10x_tim.o(.text) for TIM_SetCounter
    usart2.o(.text) refers to stm32f10x_usart.o(.text) for USART_GetITStatus
    usart2.o(.text) refers to stm32f10x_rcc.o(.text) for RCC_APB1PeriphClockCmd
    usart2.o(.text) refers to misc.o(.text) for NVIC_Init
    usart2.o(.text) refers to stm32f10x_dma.o(.text) for DMA_DeInit
    usart2.o(.text) refers to stm32f10x_gpio.o(.text) for GPIO_Init
    usart2.o(.text) refers to c89vsprintf.o(.text) for __c89vsprintf
    usart2.o(.text) refers to strlen.o(.text) for strlen
    usart2.o(.text) refers to usart2.o(.data) for USART2_RX_STA
    usart2.o(.text) refers to usart2.o(.bss) for USART2_RX_BUF
    lcd.o(.text) refers to _printf_percent.o(.ARM.Collect$$_printf_percent$$00000000) for _printf_percent
    lcd.o(.text) refers to _printf_x.o(.ARM.Collect$$_printf_percent$$0000000C) for _printf_x
    lcd.o(.text) refers to _printf_hex_int_ll_ptr.o(.text) for _printf_longlong_hex
    lcd.o(.text) refers to delay.o(.text) for delay_us
    lcd.o(.text) refers to lcd.o(.bss) for lcddev
    lcd.o(.text) refers to dflt_clz.o(x$fpl$dfltu) for __aeabi_ui2d
    lcd.o(.text) refers to dmul.o(x$fpl$dmul) for __aeabi_dmul
    lcd.o(.text) refers to dfixu.o(x$fpl$dfixu) for __aeabi_d2uiz
    lcd.o(.text) refers to lcd.o(.data) for POINT_COLOR
    lcd.o(.text) refers to stm32f10x_rcc.o(.text) for RCC_APB2PeriphClockCmd
    lcd.o(.text) refers to stm32f10x_gpio.o(.text) for GPIO_PinRemapConfig
    lcd.o(.text) refers to __2printf.o(.text) for __2printf
    lcd.o(.text) refers to lcd.o(.constdata) for asc2_1206
    gps.o(.text) refers to strstr.o(.text) for strstr
    gps.o(.text) refers to fflt_clz.o(x$fpl$ffltu) for __aeabi_ui2f
    gps.o(.text) refers to fmul.o(x$fpl$fmul) for __aeabi_fmul
    gps.o(.text) refers to fdiv.o(x$fpl$fdiv) for __aeabi_fdiv
    gps.o(.text) refers to faddsub_clz.o(x$fpl$fadd) for __aeabi_fadd
    gps.o(.text) refers to ffixu.o(x$fpl$ffixu) for __aeabi_f2uiz
    gps.o(.text) refers to delay.o(.text) for delay_ms
    gps.o(.text) refers to usart2.o(.text) for USART2_Init
[...]
    _printf_ls                               0x0800026b   Thumb Code     0  _printf_ls.o(.ARM.Collect$$_printf_percent$$00000016)
    _printf_percent_end                      0x08000271   Thumb Code     0  _printf_percent_end.o(.ARM.Collect$$_printf_percent$$00000017)
    __rt_lib_init                            0x08000275   Thumb Code     0  libinit.o(.ARM.Collect$$libinit$$00000000)
    __rt_lib_init_fp_1                       0x08000277   Thumb Code     0  libinit2.o(.ARM.Collect$$libinit$$00000002)
    __rt_lib_init_heap_1                     0x08000277   Thumb Code     0  libinit2.o(.ARM.Collect$$libinit$$0000000A)
    __rt_lib_init_lc_common                  0x08000277   Thumb Code     0  libinit2.o(.ARM.Collect$$libinit$$0000000F)
    __rt_lib_init_preinit_1                  0x08000277   Thumb Code     0  libinit2.o(.ARM.Collect$$libinit$$00000004)
    __rt_lib_init_rand_1                     0x08000277   Thumb Code     0  libinit2.o(.ARM.Collect$$libinit$$0000000E)
    __rt_lib_init_user_alloc_1               0x08000277   Thumb Code     0  libinit2.o(.ARM.Collect$$libinit$$0000000C)
    __rt_lib_init_lc_collate_1               0x0800027d   Thumb Code     0  libinit2.o(.ARM.Collect$$libinit$$00000011)
    __rt_lib_init_lc_ctype_2                 0x0800027d   Thumb Code     0  libinit2.o(.ARM.Collect$$libinit$$00000012)
    __rt_lib_init_lc_ctype_1                 0x08000289   Thumb Code     0  libinit2.o(.ARM.Collect$$libinit$$00000013)
    __rt_lib_init_lc_monetary_1              0x08000289   Thumb Code     0  libinit2.o(.ARM.Collect$$libinit$$00000015)
    __rt_lib_init_lc_numeric_2               0x08000289   Thumb Code     0  libinit2.o(.ARM.Collect$$libinit$$00000016)
    __rt_lib_init_alloca_1                   0x08000293   Thumb Code     0  libinit2.o(.ARM.Collect$$libinit$$0000002E)
    __rt_lib_init_argv_1                     0x08000293   Thumb Code     0  libinit2.o(.ARM.Collect$$libinit$$0000002C)
    __rt_lib_init_atexit_1                   0x08000293   Thumb Code     0  libinit2.o(.ARM.Collect$$libinit$$0000001B)
    __rt_lib_init_clock_1                    0x08000293   Thumb Code     0  libinit2.o(.ARM.Collect$$libinit$$00000021)
    __rt_lib_init_cpp_1                      0x08000293   Thumb Code     0  libinit2.o(.ARM.Collect$$libinit$$00000032)
    __rt_lib_init_exceptions_1               0x08000293   Thumb Code     0  libinit2.o(.ARM.Collect$$libinit$$00000030)
    __rt_lib_init_fp_trap_1                  0x08000293   Thumb Code     0  libinit2.o(.ARM.Collect$$libinit$$0000001F)
    __rt_lib_init_getenv_1                   0x08000293   Thumb Code     0  libinit2.o(.ARM.Collect$$libinit$$00000023)
    __rt_lib_init_lc_numeric_1               0x08000293   Thumb Code     0  libinit2.o(.ARM.Collect$$libinit$$00000017)
    __rt_lib_init_lc_time_1                  0x08000293   Thumb Code     0  libinit2.o(.ARM.Collect$$libinit$$00000019)
    __rt_lib_init_return                     0x08000293   Thumb Code     0  libinit2.o(.ARM.Collect$$libinit$$00000033)
    __rt_lib_init_signal_1                   0x08000293   Thumb Code     0  libinit2.o(.ARM.Collect$$libinit$$0000001D)
    __rt_lib_init_stdio_1                    0x08000293   Thumb Code     0  libinit2.o(.ARM.Collect$$libinit$$00000025)
    __rt_lib_shutdown                        0x08000295   Thumb Code     0  libshutdown.o(.ARM.Collect$$libshutdown$$00000000)
    __rt_lib_shutdown_cpp_1                  0x08000297   Thumb Code     0  libshutdown2.o(.ARM.Collect$$libshutdown$$00000002)
    __rt_lib_shutdown_fp_trap_1              0x08000297   Thumb Code     0  libshutdown2.o(.ARM.Collect$$libshutdown$$00000007)
    __rt_lib_shutdown_heap_1                 0x08000297   Thumb Code     0  libshutdown2.o(.ARM.Collect$$libshutdown$$0000000F)
    __rt_lib_shutdown_return                 0x08000297   Thumb Code     0  libshutdown2.o(.ARM.Collect$$libshutdown$$00000010)
    __rt_lib_shutdown_signal_1               0x08000297   Thumb Code     0  libshutdown2.o(.ARM.Collect$$libshutdown$$0000000A)
    __rt_lib_shutdown_stdio_1                0x08000297   Thumb Code     0  libshutdown2.o(.ARM.Collect$$libshutdown$$00000004)
    __rt_lib_shutdown_user_alloc_1           0x08000297   Thumb Code     0  libshutdown2.o(.ARM.Collect$$libshutdown$$0000000C)
    __rt_entry                               0x08000299   Thumb Code     0  __rtentry.o(.ARM.Collect$$rtentry$$00000000)
    __rt_entry_presh_1                       0x08000299   Thumb Code     0  __rtentry2.o(.ARM.Collect$$rtentry$$00000002)
    __rt_entry_sh                            0x08000299   Thumb Code     0  __rtentry4.o(.ARM.Collect$$rtentry$$00000004)
    __rt_entry_li                            0x0800029f   Thumb Code     0  __rtentry2.o(.ARM.Collect$$rtentry$$0000000A)
    __rt_entry_postsh_1                      0x0800029f   Thumb Code     0  __rtentry2.o(.ARM.Collect$$rtentry$$00000009)
    __rt_entry_main                          0x080002a3   Thumb Code     0  __rtentry2.o(.ARM.Collect$$rtentry$$0000000D)
    __rt_entry_postli_1                      0x080002a3   Thumb Code     0  __rtentry2.o(.ARM.Collect$$rtentry$$0000000C)
    __rt_exit                                0x080002ab   Thumb Code     0  rtexit.o(.ARM.Collect$$rtexit$$00000000)
    __rt_exit_ls                             0x080002ad   Thumb Code     0  rtexit2.o(.ARM.Collect$$rtexit$$00000003)
    __rt_exit_prels_1                        0x080002ad   Thumb Code     0  rtexit2.o(.ARM.Collect$$rtexit$$00000002)
    __rt_exit_exit                           0x080002b1   Thumb Code     0  rtexit2.o(.ARM.Collect$$rtexit$$00000004)
    Gps_Msg_Show                             0x080002b9   Thumb Code   548  main.o(.text)
    gps_task                                 0x080004dd   Thumb Code   260  main.o(.text)
    start_task                               0x080005e1   Thumb Code    42  main.o(.text)
    main                                     0x0800060b   Thumb Code   768  main.o(.text)
    NMI_Handler                              0x08000949   Thumb Code     2  stm32f10x_it.o(.text)
    HardFault_Handler                        0x0800094b   Thumb Code     4  stm32f10x_it.o(.text)
    MemManage_Handler                        0x0800094f   Thumb Code     4  stm32f10x_it.o(.text)
    BusFault_Handler                         0x08000953   Thumb Code     4  stm32f10x_it.o(.text)
    UsageFault_Handler                       0x08000957   Thumb Code     4  stm32f10x_it.o(.text)
    SVC_Handler                              0x0800095b   Thumb Code     2  stm32f10x_it.o(.text)
    DebugMon_Handler                         0x0800095d   Thumb Code     2  stm32f10x_it.o(.text)
    SystemInit                               0x08000a3f   Thumb Code    78  system_stm32f10x.o(.text)
    SystemCoreClockUpdate                    0x08000a8d   Thumb Code   142  system_stm32f10x.o(.text)
    LED_Init                                 0x08000b41   Thumb Code    72  led.o(.text)
    KEY_Init                                 0x08000b91   Thumb Code    82  key.o(.text)
    KEY_Scan                                 0x08000be3   Thumb Code   154  key.o(.text)
    TIM4_Set                                 0x08000c8d   Thumb Code    34  usart2.o(.text)
    USART2_IRQHandler                        0x08000caf   Thumb Code    84  usart2.o(.text)
    TIM4_Init                                0x08000d03   Thumb Code    82  usart2.o(.text)
    UART_DMA_Config                          0x08000d55   Thumb Code    72  usart2.o(.text)
    USART2_Init                              0x08000d9d   Thumb Code   206  usart2.o(.text)
    UART_DMA_Enable                          0x08000e6b   Thumb Code    32  usart2.o(.text)
    u2_printf                                0x08000e8b   Thumb Code    56  usart2.o(.text)
    TIM4_IRQHandler                          0x08000ec3   Thumb Code    40  usart2.o(.text)
    LCD_WR_REG                               0x08000f09   Thumb Code    28  lcd.o(.text)
    LCD_WR_DATAX                             0x08000f25   Thumb Code    28  lcd.o(.text)
    LCD_RD_DATA                              0x08000f41   Thumb Code    98  lcd.o(.text)
    LCD_WriteReg                             0x08000fa3   Thumb Code    40  lcd.o(.text)
    LCD_ReadReg                              0x08000fcb   Thumb Code    16  lcd.o(.text)
    LCD_WriteRAM_Prepare                     0x08000fdb   Thumb Code    12  lcd.o(.text)
    LCD_WriteRAM                             0x08000fe7   Thumb Code    28  lcd.o(.text)
    LCD_BGR2RGB                              0x08001003   Thumb Code    26  lcd.o(.text)
    opt_delay                                0x0800101d   Thumb Code    14  lcd.o(.text)
    LCD_SetCursor                            0x0800102b   Thumb Code   956  lcd.o(.text)
    LCD_ReadPoint                            0x080013e7   Thumb Code   506  lcd.o(.text)
    LCD_DisplayOn                            0x080015e1   Thumb Code    92  lcd.o(.text)
    LCD_DisplayOff                           0x0800163d   Thumb Code    90  lcd.o(.text)
    LCD_Scan_Dir                             0x08001697   Thumb Code  1126  lcd.o(.text)
    LCD_DrawPoint                            0x08001afd   Thumb Code    52  lcd.o(.text)
    LCD_Fast_DrawPoint                       0x08001b31   Thumb Code   854  lcd.o(.text)
    LCD_SSD_BackLightSet                     0x08001e87   Thumb Code   220  lcd.o(.text)
    LCD_Display_Dir                          0x08001f63   Thumb Code   444  lcd.o(.text)
    LCD_Set_Window                           0x0800211f   Thumb Code  1078  lcd.o(.text)
    LCD_Clear                                0x08002555   Thumb Code   122  lcd.o(.text)
    LCD_Init                                 0x080025cf   Thumb Code 15298  lcd.o(.text)
    LCD_Fill                                 0x08006191   Thumb Code   200  lcd.o(.text)
    LCD_Color_Fill                           0x08006259   Thumb Code   116  lcd.o(.text)
    LCD_DrawLine                             0x080062cd   Thumb Code   176  lcd.o(.text)
    LCD_DrawRectangle                        0x0800637d   Thumb Code    60  lcd.o(.text)
    LCD_Draw_Circle                          0x080063b9   Thumb Code   152  lcd.o(.text)
    LCD_ShowChar                             0x08006451   Thumb Code   272  lcd.o(.text)
    LCD_Pow                                  0x08006561   Thumb Code    22  lcd.o(.text)
    LCD_ShowNum                              0x08006577   Thumb Code   180  lcd.o(.text)
    LCD_ShowxNum                             0x0800662b   Thumb Code   190  lcd.o(.text)
    LCD_ShowString                           0x080066e9   Thumb Code   102  lcd.o(.text)
    NMEA_Comma_Pos                           0x08006751   Thumb Code    50  gps.o(.text)
    NMEA_Pow                                 0x08006783   Thumb Code    22  gps.o(.text)
    NMEA_Str2num                             0x08006799   Thumb Code   234  gps.o(.text)
    NMEA_GPGSV_Analysis                      0x08006883   Thumb Code   290  gps.o(.text)
    NMEA_BDGSV_Analysis                      0x080069a5   Thumb Code   298  gps.o(.text)
    NMEA_GNGGA_Analysis                      0x08006acf   Thumb Code    96  gps.o(.text)
    NMEA_GNGSA_Analysis                      0x08006b2f   Thumb Code   176  gps.o(.text)
    NMEA_GNRMC_Analysis                      0x08006bdf   Thumb Code   580  gps.o(.text)
    NMEA_GNVTG_Analysis                      0x08006e23   Thumb Code    78  gps.o(.text)
    GPS_Analysis                             0x08006e71   Thumb Code    56  gps.o(.text)
    SkyTra_Cfg_Ack_Check                     0x08006ea9   Thumb Code   100  gps.o(.text)
    SkyTra_Send_Date                         0x08006f0d   Thumb Code    40  gps.o(.text)
    SkyTra_Cfg_Prt                           0x08006f35   Thumb Code    86  gps.o(.text)
    SkyTra_Cfg_Tp                            0x08006f8b   Thumb Code   126  gps.o(.text)
    SkyTra_Cfg_Rate                          0x08007009   Thumb Code    60  gps.o(.text)
    delay_osschedlock                        0x08007065   Thumb Code     8  delay.o(.text)
    delay_osschedunlock                      0x0800706d   Thumb Code     8  delay.o(.text)
    delay_ostimedly                          0x08007075   Thumb Code    12  delay.o(.text)
    SysTick_Handler                          0x08007081   Thumb Code    24  delay.o(.text)
    delay_init                               0x08007099   Thumb Code    76  delay.o(.text)
    delay_us                                 0x080070e5   Thumb Code    86  delay.o(.text)
    delay_ms                                 0x0800713b   Thumb Code    66  delay.o(.text)
    _sys_exit                                0x08007195   Thumb Code     6  usart.o(.text)
    fputc                                    0x0800719b   Thumb Code    24  usart.o(.text)
    uart_init                                0x080071b3   Thumb Code   152  usart.o(.text)
    USART1_IRQHandler                        0x0800724b   Thumb Code   130  usart.o(.text)
    Reset_Handler                            0x080072dd   Thumb Code     8  startup_stm32f10x_hd.o(.text)
    ADC1_2_IRQHandler                        0x080072f7   Thumb Code     0  startup_stm32f10x_hd.o(.text)
    ADC3_IRQHandler                          0x080072f7   Thumb Code     0  startup_stm32f10x_hd.o(.text)
    CAN1_RX1_IRQHandler                      0x080072f7   Thumb Code     0  startup_stm32f10x_hd.o(.text)
    CAN1_SCE_IRQHandler                      0x080072f7   Thumb Code     0  startup_stm32f10x_hd.o(.text)
    DMA1_Channel1_IRQHandler                 0x080072f7   Thumb Code     0  startup_stm32f10x_hd.o(.text)
    DMA1_Channel2_IRQHandler                 0x080072f7   Thumb Code     0  startup_stm32f10x_hd.o(.text)
    DMA1_Channel3_IRQHandler                 0x080072f7   Thumb Code     0  startup_stm32f10x_hd.o(.text)
    DMA1_Channel4_IRQHandler                 0x080072f7   Thumb Code     0  startup_stm32f10x_hd.o(.text)
    DMA1_Channel5_IRQHandler                 0x080072f7   Thumb Code     0  startup_stm32f10x_hd.o(.text)
    DMA1_Channel6_IRQHandler                 0x080072f7   Thumb Code     0  startup_stm32f10x_hd.o(.text)
    DMA1_Channel7_IRQHandler                 0x080072f7   Thumb Code     0  startup_stm32f10x_hd.o(.text)
    DMA2_Channel1_IRQHandler                 0x080072f7   Thumb Code     0  startup_stm32f10x_hd.o(.text)
    DMA2_Channel2_IRQHandler                 0x080072f7   Thumb Code     0  startup_stm32f10x_hd.o(.text)
    DMA2_Channel3_IRQHandler                 0x080072f7   Thumb Code     0  startup_stm32f10x_hd.o(.text)
    DMA2_Channel4_5_IRQHandler               0x080072f7   Thumb Code     0  startup_stm32f10x_hd.o(.text)
    EXTI0_IRQHandler                         0x080072f7   Thumb Code     0  startup_stm32f10x_hd.o(.text)
    EXTI15_10_IRQHandler                     0x080072f7   Thumb Code     0  startup_stm32f10x_hd.o(.text)
    EXTI1_IRQHandler                         0x080072f7   Thumb Code     0  startup_stm32f10x_hd.o(.text)
    EXTI2_IRQHandler                         0x080072f7   Thumb Code     0  startup_stm32f10x_hd.o(.text)
    EXTI3_IRQHandler                         0x080072f7   Thumb Code     0  startup_stm32f10x_hd.o(.text)
    EXTI4_IRQHandler                         0x080072f7   Thumb Code     0  startup_stm32f10x_hd.o(.text)
    EXTI9_5_IRQHandler                       0x080072f7   Thumb Code     0  startup_stm32f10x_hd.o(.text)
    FLASH_IRQHandler                         0x080072f7   Thumb Code     0  startup_stm32f10x_hd.o(.text)
    FSMC_IRQHandler                          0x080072f7   Thumb Code     0  startup_stm32f10x_hd.o(.text)
    I2C1_ER_IRQHandler                       0x080072f7   Thumb Code     0  startup_stm32f10x_hd.o(.text)
    I2C1_EV_IRQHandler                       0x080072f7   Thumb Code     0  startup_stm32f10x_hd.o(.text)
    I2C2_ER_IRQHandler                       0x080072f7   Thumb Code     0  startup_stm32f10x_hd.o(.text)
    I2C2_EV_IRQHandler                       0x080072f7   Thumb Code     0  startup_stm32f10x_hd.o(.text)
    PVD_IRQHandler                           0x080072f7   Thumb Code     0  startup_stm32f10x_hd.o(.text)
    RCC_IRQHandler                           0x080072f7   Thumb Code     0  startup_stm32f10x_hd.o(.text)
    RTCAlarm_IRQHandler                      0x080072f7   Thumb Code     0  startup_stm32f10x_hd.o(.text)
    RTC_IRQHandler                           0x080072f7   Thumb Code     0  startup_stm32f10x_hd.o(.text)
    SDIO_IRQHandler                          0x080072f7   Thumb Code     0  startup_stm32f10x_hd.o(.text)
    SPI1_IRQHandler                          0x080072f7   Thumb Code     0  startup_stm32f10x_hd.o(.text)
    SPI2_IRQHandler                          0x080072f7   Thumb Code     0  startup_stm32f10x_hd.o(.text)
    SPI3_IRQHandler                          0x080072f7   Thumb Code     0  startup_stm32f10x_hd.o(.text)
    TAMPER_IRQHandler                        0x080072f7   Thumb Code     0  startup_stm32f10x_hd.o(.text)
    TIM1_BRK_IRQHandler                      0x080072f7   Thumb Code     0  startup_stm32f10x_hd.o(.text)
    TIM1_CC_IRQHandler                       0x080072f7   Thumb Code     0  startup_stm32f10x_hd.o(.text)
    TIM1_TRG_COM_IRQHandler                  0x080072f7   Thumb Code     0  startup_stm32f10x_hd.o(.text)
    TIM1_UP_IRQHandler                       0x080072f7   Thumb Code     0  startup_stm32f10x_hd.o(.text)
    TIM3_IRQHandler                          0x080072f7   Thumb Code     0  startup_stm32f10x_hd.o(.text)
    TIM5_IRQHandler                          0x080072f7   Thumb Code     0  startup_stm32f10x_hd.o(.text)
    TIM6_IRQHandler                          0x080072f7   Thumb Code     0  startup_stm32f10x_hd.o(.text)
    TIM7_IRQHandler                          0x080072f7   Thumb Code     0  startup_stm32f10x_hd.o(.text)
    TIM8_BRK_IRQHandler                      0x080072f7   Thumb Code     0  startup_stm32f10x_hd.o(.text)
    TIM8_CC_IRQHandler                       0x080072f7   Thumb Code     0  startup_stm32f10x_hd.o(.text)
    TIM8_TRG_COM_IRQHandler                  0x080072f7   Thumb Code     0  startup_stm32f10x_hd.o(.text)
    TIM8_UP_IRQHandler                       0x080072f7   Thumb Code     0  startup_stm32f10x_hd.o(.text)
    UART4_IRQHandler                         0x080072f7   Thumb Code     0  startup_stm32f10x_hd.o(.text)
    UART5_IRQHandler                         0x080072f7   Thumb Code     0  startup_stm32f10x_hd.o(.text)
    USART3_IRQHandler                        0x080072f7   Thumb Code     0  startup_stm32f10x_hd.o(.text)
    USBWakeUp_IRQHandler                     0x080072f7   Thumb Code     0  startup_stm32f10x_hd.o(.text)
    USB_HP_CAN1_TX_IRQHandler                0x080072f7   Thumb Code     0  startup_stm32f10x_hd.o(.text)
    USB_LP_CAN1_RX0_IRQHandler               0x080072f7   Thumb Code     0  startup_stm32f10x_hd.o(.text)
    WWDG_IRQHandler                          0x080072f7   Thumb Code     0  startup_stm32f10x_hd.o(.text)
    __user_initial_stackheap                 0x080072f9   Thumb Code     0  startup_stm32f10x_hd.o(.text)
    GPIO_DeInit                              0x0800731d   Thumb Code   172  stm32f10x_gpio.o(.text)
    GPIO_AFIODeInit                          0x080073c9   Thumb Code    20  stm32f10x_gpio.o(.text)
    GPIO_Init                                0x080073dd   Thumb Code   278  stm32f10x_gpio.o(.text)
    GPIO_StructInit                          0x080074f3   Thumb Code    16  stm32f10x_gpio.o(.text)
    GPIO_ReadInputDataBit                    0x08007503   Thumb Code    18  stm32f10x_gpio.o(.text)
    GPIO_ReadInputData                       0x08007515   Thumb Code     8  stm32f10x_gpio.o(.text)
    GPIO_ReadOutputDataBit                   0x0800751d   Thumb Code    18  stm32f10x_gpio.o(.text)
    GPIO_ReadOutputData                      0x0800752f   Thumb Code     8  stm32f10x_gpio.o(.text)
    GPIO_SetBits                             0x08007537   Thumb Code     4  stm32f10x_gpio.o(.text)
    GPIO_ResetBits                           0x0800753b   Thumb Code     4  stm32f10x_gpio.o(.text)
    GPIO_WriteBit                            0x0800753f   Thumb Code    10  stm32f10x_gpio.o(.text)
    GPIO_Write                               0x08007549   Thumb Code     4  stm32f10x_gpio.o(.text)
    GPIO_PinLockConfig                       0x0800754d   Thumb Code    18  stm32f10x_gpio.o(.text)
    GPIO_EventOutputConfig                   0x0800755f   Thumb Code    26  stm32f10x_gpio.o(.text)
    GPIO_EventOutputCmd                      0x08007579   Thumb Code     6  stm32f10x_gpio.o(.text)
    GPIO_PinRemapConfig                      0x0800757f   Thumb Code   138  stm32f10x_gpio.o(.text)
    GPIO_EXTILineConfig                      0x08007609   Thumb Code    66  stm32f10x_gpio.o(.text)
    GPIO_ETH_MediaInterfaceConfig            0x0800764b   Thumb Code     8  stm32f10x_gpio.o(.text)
    RCC_DeInit                               0x08007679   Thumb Code    64  stm32f10x_rcc.o(.text)
    RCC_HSEConfig                            0x080076b9   Thumb Code    70  stm32f10x_rcc.o(.text)
    RCC_GetFlagStatus                        0x080076ff   Thumb Code    56  stm32f10x_rcc.o(.text)
    RCC_WaitForHSEStartUp                    0x08007737   Thumb Code    56  stm32f10x_rcc.o(.text)
    RCC_AdjustHSICalibrationValue            0x0800776f   Thumb Code    20  stm32f10x_rcc.o(.text)
    RCC_HSICmd                               0x08007783   Thumb Code     6  stm32f10x_rcc.o(.text)
    RCC_PLLConfig                            0x08007789   Thumb Code    24  stm32f10x_rcc.o(.text)
    RCC_PLLCmd                               0x080077a1   Thumb Code     6  stm32f10x_rcc.o(.text)
    RCC_SYSCLKConfig                         0x080077a7   Thumb Code    18  stm32f10x_rcc.o(.text)
    RCC_GetSYSCLKSource                      0x080077b9   Thumb Code    10  stm32f10x_rcc.o(.text)
    RCC_HCLKConfig                           0x080077c3   Thumb Code    18  stm32f10x_rcc.o(.text)
    RCC_PCLK1Config                          0x080077d5   Thumb Code    18  stm32f10x_rcc.o(.text)
    RCC_PCLK2Config                          0x080077e7   Thumb Code    20  stm32f10x_rcc.o(.text)
    RCC_ITConfig                             0x080077fb   Thumb Code    26  stm32f10x_rcc.o(.text)
    RCC_USBCLKConfig                         0x08007815   Thumb Code     8  stm32f10x_rcc.o(.text)
    RCC_ADCCLKConfig                         0x0800781d   Thumb Code    18  stm32f10x_rcc.o(.text)
    RCC_LSEConfig                            0x0800782f   Thumb Code    50  stm32f10x_rcc.o(.text)
    RCC_LSICmd                               0x08007861   Thumb Code     6  stm32f10x_rcc.o(.text)
    RCC_RTCCLKConfig                         0x08007867   Thumb Code    12  stm32f10x_rcc.o(.text)
    RCC_RTCCLKCmd                            0x08007873   Thumb Code     8  stm32f10x_rcc.o(.text)
    RCC_GetClocksFreq                        0x0800787b   Thumb Code   192  stm32f10x_rcc.o(.text)
    RCC_AHBPeriphClockCmd                    0x0800793b   Thumb Code    26  stm32f10x_rcc.o(.text)
    RCC_APB2PeriphClockCmd                   0x08007955   Thumb Code    26  stm32f10x_rcc.o(.text)
    RCC_APB1PeriphClockCmd                   0x0800796f   Thumb Code    26  stm32f10x_rcc.o(.text)
    RCC_APB2PeriphResetCmd                   0x08007989   Thumb Code    26  stm32f10x_rcc.o(.text)
    RCC_APB1PeriphResetCmd                   0x080079a3   Thumb Code    26  stm32f10x_rcc.o(.text)
    RCC_BackupResetCmd                       0x080079bd   Thumb Code     8  stm32f10x_rcc.o(.text)
    RCC_ClockSecuritySystemCmd               0x080079c5   Thumb Code     6  stm32f10x_rcc.o(.text)
    RCC_MCOConfig                            0x080079cb   Thumb Code     6  stm32f10x_rcc.o(.text)
    RCC_ClearFlag                            0x080079d1   Thumb Code    14  stm32f10x_rcc.o(.text)
    RCC_GetITStatus                          0x080079df   Thumb Code    20  stm32f10x_rcc.o(.text)
    RCC_ClearITPendingBit                    0x080079f3   Thumb Code     6  stm32f10x_rcc.o(.text)
    USART_DeInit                             0x08007a1d   Thumb Code   134  stm32f10x_usart.o(.text)
    USART_Init                               0x08007aa3   Thumb Code   210  stm32f10x_usart.o(.text)
    USART_StructInit                         0x08007b75   Thumb Code    24  stm32f10x_usart.o(.text)
    USART_ClockInit                          0x08007b8d   Thumb Code    34  stm32f10x_usart.o(.text)
    USART_ClockStructInit                    0x08007baf   Thumb Code    12  stm32f10x_usart.o(.text)
    USART_Cmd                                0x08007bbb   Thumb Code    24  stm32f10x_usart.o(.text)
    USART_ITConfig                           0x08007bd3   Thumb Code    74  stm32f10x_usart.o(.text)
    USART_DMACmd                             0x08007c1d   Thumb Code    18  stm32f10x_usart.o(.text)
    USART_SetAddress                         0x08007c2f   Thumb Code    18  stm32f10x_usart.o(.text)
    USART_WakeUpConfig                       0x08007c41   Thumb Code    18  stm32f10x_usart.o(.text)
    USART_ReceiverWakeUpCmd                  0x08007c53   Thumb Code    24  stm32f10x_usart.o(.text)
    USART_LINBreakDetectLengthConfig         0x08007c6b   Thumb Code    18  stm32f10x_usart.o(.text)
    USART_LINCmd                             0x08007c7d   Thumb Code    24  stm32f10x_usart.o(.text)
    USART_SendData                           0x08007c95   Thumb Code     8  stm32f10x_usart.o(.text)
    USART_ReceiveData                        0x08007c9d   Thumb Code    10  stm32f10x_usart.o(.text)
    USART_SendBreak                          0x08007ca7   Thumb Code    10  stm32f10x_usart.o(.text)
    USART_SetGuardTime                       0x08007cb1   Thumb Code    16  stm32f10x_usart.o(.text)
    USART_SetPrescaler                       0x08007cc1   Thumb Code    16  stm32f10x_usart.o(.text)
    USART_SmartCardCmd                       0x08007cd1   Thumb Code    24  stm32f10x_usart.o(.text)
    USART_SmartCardNACKCmd                   0x08007ce9   Thumb Code    24  stm32f10x_usart.o(.text)
    USART_HalfDuplexCmd                      0x08007d01   Thumb Code    24  stm32f10x_usart.o(.text)
    USART_OverSampling8Cmd                   0x08007d19   Thumb Code    22  stm32f10x_usart.o(.text)
    USART_OneBitMethodCmd                    0x08007d2f   Thumb Code    24  stm32f10x_usart.o(.text)
    USART_IrDAConfig                         0x08007d47   Thumb Code    18  stm32f10x_usart.o(.text)
    USART_IrDACmd                            0x08007d59   Thumb Code    24  stm32f10x_usart.o(.text)
    USART_GetFlagStatus                      0x08007d71   Thumb Code    26  stm32f10x_usart.o(.text)
    USART_ClearFlag                          0x08007d8b   Thumb Code    18  stm32f10x_usart.o(.text)
    USART_GetITStatus                        0x08007d9d   Thumb Code    84  stm32f10x_usart.o(.text)
    USART_ClearITPendingBit                  0x08007df1   Thumb Code    52  stm32f10x_usart.o(.text)
    NVIC_PriorityGroupConfig                 0x08007e25   Thumb Code    10  misc.o(.text)
    NVIC_Init                                0x08007e2f   Thumb Code   100  misc.o(.text)
    NVIC_SetVectorTable                      0x08007e93   Thumb Code    14  misc.o(.text)
    NVIC_SystemLPConfig                      0x08007ea1   Thumb Code    34  misc.o(.text)
    SysTick_CLKSourceConfig                  0x08007ec3   Thumb Code    40  misc.o(.text)
    DMA_DeInit                               0x08007f01   Thumb Code   324  stm32f10x_dma.o(.text)
    DMA_Init                                 0x08008045   Thumb Code    60  stm32f10x_dma.o(.text)
    DMA_StructInit                           0x08008081   Thumb Code    26  stm32f10x_dma.o(.text)
    DMA_Cmd                                  0x0800809b   Thumb Code    24  stm32f10x_dma.o(.text)
    DMA_ITConfig                             0x080080b3   Thumb Code    18  stm32f10x_dma.o(.text)
    DMA_SetCurrDataCounter                   0x080080c5   Thumb Code     4  stm32f10x_dma.o(.text)
    DMA_GetCurrDataCounter                   0x080080c9   Thumb Code     8  stm32f10x_dma.o(.text)
    DMA_GetFlagStatus                        0x080080d1   Thumb Code    40  stm32f10x_dma.o(.text)
    DMA_ClearFlag                            0x080080f9   Thumb Code    22  stm32f10x_dma.o(.text)
    DMA_GetITStatus                          0x0800810f   Thumb Code    40  stm32f10x_dma.o(.text)
    DMA_ClearITPendingBit                    0x08008137   Thumb Code    22  stm32f10x_dma.o(.text)
    TIM_DeInit                               0x08008155   Thumb Code   424  stm32f10x_tim.o(.text)
    TIM_TimeBaseInit                         0x080082fd   Thumb Code   122  stm32f10x_tim.o(.text)
    TIM_OC1Init                              0x08008377   Thumb Code   132  stm32f10x_tim.o(.text)
    TIM_OC2Init                              0x080083fb   Thumb Code   154  stm32f10x_tim.o(.text)
    TIM_OC3Init                              0x08008495   Thumb Code   150  stm32f10x_tim.o(.text)
    TIM_OC4Init                              0x0800852b   Thumb Code   182  stm32f10x_tim.o(.text)
    TIM_SetIC4Prescaler                      0x080085e1   Thumb Code    26  stm32f10x_tim.o(.text)
    TIM_SetIC3Prescaler                      0x0800867d   Thumb Code    18  stm32f10x_tim.o(.text)
    TIM_SetIC2Prescaler                      0x08008709   Thumb Code    26  stm32f10x_tim.o(.text)
    TIM_SetIC1Prescaler                      0x080087a5   Thumb Code    18  stm32f10x_tim.o(.text)
    TIM_ICInit                               0x08008823   Thumb Code   150  stm32f10x_tim.o(.text)
    TIM_PWMIConfig                           0x080088b9   Thumb Code   124  stm32f10x_tim.o(.text)
    TIM_BDTRConfig                           0x08008935   Thumb Code    32  stm32f10x_tim.o(.text)
    TIM_TimeBaseStructInit                   0x08008955   Thumb Code    18  stm32f10x_tim.o(.text)
    TIM_OCStructInit                         0x08008967   Thumb Code    20  stm32f10x_tim.o(.text)
    TIM_ICStructInit                         0x0800897b   Thumb Code    18  stm32f10x_tim.o(.text)
    TIM_BDTRStructInit                       0x0800898d   Thumb Code    40  stm32f10x_tim.o(.text)
    TIM_Cmd                                  0x080089b5   Thumb Code    24  stm32f10x_tim.o(.text)
    TIM_CtrlPWMOutputs                       0x080089cd   Thumb Code    30  stm32f10x_tim.o(.text)
    TIM_ITConfig                             0x080089eb   Thumb Code    18  stm32f10x_tim.o(.text)
    TIM_GenerateEvent                        0x080089fd   Thumb Code     4  stm32f10x_tim.o(.text)
    TIM_DMAConfig                            0x08008a01   Thumb Code    10  stm32f10x_tim.o(.text)
    TIM_DMACmd                               0x08008a0b   Thumb Code    18  stm32f10x_tim.o(.text)
    TIM_InternalClockConfig                  0x08008a1d   Thumb Code    12  stm32f10x_tim.o(.text)
    TIM_SelectInputTrigger                   0x08008a29   Thumb Code    18  stm32f10x_tim.o(.text)
    TIM_ITRxExternalClockConfig              0x08008a3b   Thumb Code    24  stm32f10x_tim.o(.text)
    TIM_TIxExternalClockConfig               0x08008a53   Thumb Code    62  stm32f10x_tim.o(.text)
    TIM_ETRConfig                            0x08008a91   Thumb Code    28  stm32f10x_tim.o(.text)
    TIM_ETRClockMode1Config                  0x08008aad   Thumb Code    54  stm32f10x_tim.o(.text)
    TIM_ETRClockMode2Config                  0x08008ae3   Thumb Code    32  stm32f10x_tim.o(.text)
    TIM_PrescalerConfig                      0x08008b03   Thumb Code     6  stm32f10x_tim.o(.text)
    TIM_CounterModeConfig                    0x08008b09   Thumb Code    18  stm32f10x_tim.o(.text)
    TIM_EncoderInterfaceConfig               0x08008b1b   Thumb Code    66  stm32f10x_tim.o(.text)
    TIM_ForcedOC1Config                      0x08008b5d   Thumb Code    18  stm32f10x_tim.o(.text)
    TIM_ForcedOC2Config                      0x08008b6f   Thumb Code    26  stm32f10x_tim.o(.text)
    TIM_ForcedOC3Config                      0x08008b89   Thumb Code    18  stm32f10x_tim.o(.text)
    TIM_ForcedOC4Config                      0x08008b9b   Thumb Code    26  stm32f10x_tim.o(.text)
    TIM_ARRPreloadConfig                     0x08008bb5   Thumb Code    24  stm32f10x_tim.o(.text)
    TIM_SelectCOM                            0x08008bcd   Thumb Code    24  stm32f10x_tim.o(.text)
    TIM_SelectCCDMA                          0x08008be5   Thumb Code    24  stm32f10x_tim.o(.text)
    TIM_CCPreloadControl                     0x08008bfd   Thumb Code    24  stm32f10x_tim.o(.text)
    TIM_OC1PreloadConfig                     0x08008c15   Thumb Code    18  stm32f10x_tim.o(.text)
    TIM_OC2PreloadConfig                     0x08008c27   Thumb Code    26  stm32f10x_tim.o(.text)
    TIM_OC3PreloadConfig                     0x08008c41   Thumb Code    18  stm32f10x_tim.o(.text)
    TIM_OC4PreloadConfig                     0x08008c53   Thumb Code    26  stm32f10x_tim.o(.text)
    TIM_OC1FastConfig                        0x08008c6d   Thumb Code    18  stm32f10x_tim.o(.text)
    TIM_OC2FastConfig                        0x08008c7f   Thumb Code    26  stm32f10x_tim.o(.text)
    TIM_OC3FastConfig                        0x08008c99   Thumb Code    18  stm32f10x_tim.o(.text)
    TIM_OC4FastConfig                        0x08008cab   Thumb Code    26  stm32f10x_tim.o(.text)
    TIM_ClearOC1Ref                          0x08008cc5   Thumb Code    18  stm32f10x_tim.o(.text)
    TIM_ClearOC2Ref                          0x08008cd7   Thumb Code    24  stm32f10x_tim.o(.text)
    TIM_ClearOC3Ref                          0x08008cef   Thumb Code    18  stm32f10x_tim.o(.text)
    TIM_ClearOC4Ref                          0x08008d01   Thumb Code    24  stm32f10x_tim.o(.text)
    TIM_OC1PolarityConfig                    0x08008d19   Thumb Code    18  stm32f10x_tim.o(.text)
    TIM_OC1NPolarityConfig                   0x08008d2b   Thumb Code    18  stm32f10x_tim.o(.text)
    TIM_OC2PolarityConfig                    0x08008d3d   Thumb Code    26  stm32f10x_tim.o(.text)
    TIM_OC2NPolarityConfig                   0x08008d57   Thumb Code    26  stm32f10x_tim.o(.text)
    TIM_OC3PolarityConfig                    0x08008d71   Thumb Code    26  stm32f10x_tim.o(.text)
    TIM_OC3NPolarityConfig                   0x08008d8b   Thumb Code    26  stm32f10x_tim.o(.text)
    TIM_OC4PolarityConfig                    0x08008da5   Thumb Code    26  stm32f10x_tim.o(.text)
    TIM_CCxCmd                               0x08008dbf   Thumb Code    30  stm32f10x_tim.o(.text)
    TIM_CCxNCmd                              0x08008ddd   Thumb Code    30  stm32f10x_tim.o(.text)
    TIM_SelectOCxM                           0x08008dfb   Thumb Code    82  stm32f10x_tim.o(.text)
    TIM_UpdateDisableConfig                  0x08008e4d   Thumb Code    24  stm32f10x_tim.o(.text)
    TIM_UpdateRequestConfig                  0x08008e65   Thumb Code    24  stm32f10x_tim.o(.text)
    TIM_SelectHallSensor                     0x08008e7d   Thumb Code    24  stm32f10x_tim.o(.text)
    TIM_SelectOnePulseMode                   0x08008e95   Thumb Code    18  stm32f10x_tim.o(.text)
    TIM_SelectOutputTrigger                  0x08008ea7   Thumb Code    18  stm32f10x_tim.o(.text)
    TIM_SelectSlaveMode                      0x08008eb9   Thumb Code    18  stm32f10x_tim.o(.text)
    TIM_SelectMasterSlaveMode                0x08008ecb   Thumb Code    18  stm32f10x_tim.o(.text)
    TIM_SetCounter                           0x08008edd   Thumb Code     4  stm32f10x_tim.o(.text)
    TIM_SetAutoreload                        0x08008ee1   Thumb Code     4  stm32f10x_tim.o(.text)
    TIM_SetCompare1                          0x08008ee5   Thumb Code     4  stm32f10x_tim.o(.text)
    TIM_SetCompare2                          0x08008ee9   Thumb Code     4  stm32f10x_tim.o(.text)
    TIM_SetCompare3                          0x08008eed   Thumb Code     4  stm32f10x_tim.o(.text)
    TIM_SetCompare4                          0x08008ef1   Thumb Code     6  stm32f10x_tim.o(.text)
    TIM_SetClockDivision                     0x08008ef7   Thumb Code    18  stm32f10x_tim.o(.text)
    TIM_GetCapture1                          0x08008f09   Thumb Code     6  stm32f10x_tim.o(.text)
    TIM_GetCapture2                          0x08008f0f   Thumb Code     6  stm32f10x_tim.o(.text)
    TIM_GetCapture3                          0x08008f15   Thumb Code     6  stm32f10x_tim.o(.text)
    TIM_GetCapture4                          0x08008f1b   Thumb Code     8  stm32f10x_tim.o(.text)
    TIM_GetCounter                           0x08008f23   Thumb Code     6  stm32f10x_tim.o(.text)
    TIM_GetPrescaler                         0x08008f29   Thumb Code     6  stm32f10x_tim.o(.text)
    TIM_GetFlagStatus                        0x08008f2f   Thumb Code    18  stm32f10x_tim.o(.text)
    TIM_ClearFlag                            0x08008f41   Thumb Code     6  stm32f10x_tim.o(.text)
    TIM_GetITStatus                          0x08008f47   Thumb Code    34  stm32f10x_tim.o(.text)
    TIM_ClearITPendingBit                    0x08008f69   Thumb Code     6  stm32f10x_tim.o(.text)
    OS_TaskStatStkChk                        0x08008f71   Thumb Code    54  os_core.o(.text)
    OS_TaskStat                              0x08008fa7   Thumb Code   116  os_core.o(.text)
    OS_TaskIdle                              0x0800904f   Thumb Code    34  os_core.o(.text)
    OS_MemClr                                0x080090a5   Thumb Code    18  os_core.o(.text)
    OSInit                                   0x080091c3   Thumb Code    44  os_core.o(.text)
    OSIntEnter                               0x080091ef   Thumb Code    28  os_core.o(.text)
    OSIntExit                                0x08009225   Thumb Code   112  os_core.o(.text)
    OSSchedLock                              0x08009295   Thumb Code    50  os_core.o(.text)
    OS_Sched                                 0x080092c7   Thumb Code    88  os_core.o(.text)
    OSSchedUnlock                            0x0800931f   Thumb Code   238  os_core.o(.text)
    OSStart                                  0x0800940d   Thumb Code    48  os_core.o(.text)
    OSStatInit                               0x0800943d   Thumb Code    62  os_core.o(.text)
    OSTimeTick                               0x0800947b   Thumb Code   210  os_core.o(.text)
    OSVersion                                0x0800954d   Thumb Code     6  os_core.o(.text)
    OS_Dummy                                 0x08009553   Thumb Code     2  os_core.o(.text)
    OS_EventTaskRemove                       0x08009555   Thumb Code    42  os_core.o(.text)
    OS_EventTaskRdy                          0x0800957f   Thumb Code   114  os_core.o(.text)
    OS_EventTaskWait                         0x080095f1   Thumb Code   112  os_core.o(.text)
    OS_EventWaitListInit                     0x08009661   Thumb Code    28  os_core.o(.text)
    OS_MemCopy                               0x0800967d   Thumb Code    20  os_core.o(.text)
    OS_StrLen                                0x08009691   Thumb Code    20  os_core.o(.text)
    OS_TCBInit                               0x080096a5   Thumb Code   280  os_core.o(.text)
    OSFlagAccept                             0x08009801   Thumb Code   252  os_flag.o(.text)
    OSFlagCreate                             0x080098fd   Thumb Code    86  os_flag.o(.text)
    OS_FlagUnlink                            0x08009953   Thumb Code    36  os_flag.o(.text)
    OSFlagDel                                0x080099c9   Thumb Code   214  os_flag.o(.text)
    OSFlagNameGet                            0x08009a9f   Thumb Code    80  os_flag.o(.text)
    OSFlagNameSet                            0x08009aef   Thumb Code    66  os_flag.o(.text)
    OSFlagPend                               0x08009bc9   Thumb Code   614  os_flag.o(.text)
    OSFlagPendGetFlagsRdy                    0x08009e2f   Thumb Code    26  os_flag.o(.text)
    OSFlagPost                               0x08009e49   Thumb Code   312  os_flag.o(.text)
    OSFlagQuery                              0x08009f81   Thumb Code    48  os_flag.o(.text)
    OS_FlagInit                              0x08009fb1   Thumb Code    78  os_flag.o(.text)
    OSQAccept                                0x0800a00d   Thumb Code    88  os_q.o(.text)
    OSQCreate                                0x0800a065   Thumb Code   140  os_q.o(.text)
    OSQDel                                   0x0800a0f1   Thumb Code   236  os_q.o(.text)
    OSQFlush                                 0x0800a1dd   Thumb Code    36  os_q.o(.text)
    OSQPend                                  0x0800a201   Thumb Code   272  os_q.o(.text)
    OSQPendAbort                             0x0800a311   Thumb Code   128  os_q.o(.text)
    OSQPost                                  0x0800a391   Thumb Code   114  os_q.o(.text)
    OSQPostFront                             0x0800a403   Thumb Code   136  os_q.o(.text)
    OSQPostOpt                               0x0800a48b   Thumb Code   182  os_q.o(.text)
    OSQQuery                                 0x0800a541   Thumb Code    98  os_q.o(.text)
    OS_QInit                                 0x0800a5a3   Thumb Code    72  os_q.o(.text)
    OSTaskChangePrio                         0x0800a5f5   Thumb Code   308  os_task.o(.text)
    OSTaskCreate                             0x0800a729   Thumb Code   148  os_task.o(.text)
    OS_TaskStkClr                            0x0800a7bd   Thumb Code    26  os_task.o(.text)
    OSTaskCreateExt                          0x0800a7d7   Thumb Code   170  os_task.o(.text)
    OSTaskDel                                0x0800a881   Thumb Code   294  os_task.o(.text)
    OSTaskDelReq                             0x0800a9a7   Thumb Code   144  os_task.o(.text)
    OSTaskNameGet                            0x0800aa37   Thumb Code   114  os_task.o(.text)
    OSTaskNameSet                            0x0800aaa9   Thumb Code    98  os_task.o(.text)
    OSTaskResume                             0x0800ab0b   Thumb Code   154  os_task.o(.text)
    OSTaskStkChk                             0x0800aba5   Thumb Code   132  os_task.o(.text)
    OSTaskSuspend                            0x0800ac29   Thumb Code   152  os_task.o(.text)
    OSTaskQuery                              0x0800acc1   Thumb Code    82  os_task.o(.text)
    OSTaskRegGet                             0x0800ad13   Thumb Code    60  os_task.o(.text)
    OSTaskRegSet                             0x0800ad4f   Thumb Code    62  os_task.o(.text)
    OS_TaskReturn                            0x0800ad8d   Thumb Code    18  os_task.o(.text)
    OSTimeDly                                0x0800adb9   Thumb Code   100  os_time.o(.text)
    OSTimeDlyHMSM                            0x0800ae1d   Thumb Code    86  os_time.o(.text)
    OSTimeDlyResume                          0x0800ae73   Thumb Code   168  os_time.o(.text)
    OSTimeGet                                0x0800af1b   Thumb Code    24  os_time.o(.text)
    OSTimeSet                                0x0800af33   Thumb Code    24  os_time.o(.text)
    OSInitHookBegin                          0x0800af69   Thumb Code     2  os_cpu_c.o(.text)
    OSInitHookEnd                            0x0800af6b   Thumb Code     2  os_cpu_c.o(.text)
    OSTaskCreateHook                         0x0800af6d   Thumb Code     2  os_cpu_c.o(.text)
    OSTaskDelHook                            0x0800af6f   Thumb Code     2  os_cpu_c.o(.text)
    OSTaskIdleHook                           0x0800af71   Thumb Code     2  os_cpu_c.o(.text)
    OSTaskStatHook                           0x0800af73   Thumb Code     2  os_cpu_c.o(.text)
    OSTaskStkInit                            0x0800af75   Thumb Code   154  os_cpu_c.o(.text)
    OSTaskSwHook                             0x0800b00f   Thumb Code     2  os_cpu_c.o(.text)
    OSTCBInitHook                            0x0800b011   Thumb Code     2  os_cpu_c.o(.text)
    OSTimeTickHook                           0x0800b013   Thumb Code     2  os_cpu_c.o(.text)
    OSTaskReturnHook                         0x0800b015   Thumb Code     2  os_cpu_c.o(.text)
    OS_CPU_SR_Save                           0x0800b019   Thumb Code     0  os_cpu_a.o(.text)
    OS_CPU_SR_Restore                        0x0800b021   Thumb Code     0  os_cpu_a.o(.text)
    OSStartHighRdy                           0x0800b027   Thumb Code     0  os_cpu_a.o(.text)
    OSCtxSw                                  0x0800b049   Thumb Code     0  os_cpu_a.o(.text)
    OSIntCtxSw                               0x0800b057   Thumb Code     0  os_cpu_a.o(.text)
    PendSV_Handler                           0x0800b067   Thumb Code     0  os_cpu_a.o(.text)
    usmart_sys_cmd_exe                       0x0800b0cd   Thumb Code  1554  usmart.o(.text)
    usmart_reset_runtime                     0x0800b6df   Thumb Code    34  usmart.o(.text)
    usmart_get_runtime                       0x0800b701   Thumb Code    58  usmart.o(.text)
    TIM2_IRQHandler                          0x0800b73b   Thumb Code    52  usmart.o(.text)
    Timer2_Init                              0x0800b76f   Thumb Code    90  usmart.o(.text)
    usmart_init                              0x0800b7c9   Thumb Code    36  usmart.o(.text)
    usmart_cmd_rec                           0x0800b7ed   Thumb Code   170  usmart.o(.text)
    usmart_exe                               0x0800b897   Thumb Code   868  usmart.o(.text)
    usmart_scan                              0x0800bbfb   Thumb Code   120  usmart.o(.text)
    read_addr                                0x0800bc73   Thumb Code     6  usmart.o(.text)
    write_addr                               0x0800bc79   Thumb Code     4  usmart.o(.text)
    usmart_strcmp                            0x0800bd05   Thumb Code    34  usmart_str.o(.text)
    usmart_strcopy                           0x0800bd27   Thumb Code    22  usmart_str.o(.text)
    usmart_strlen                            0x0800bd3d   Thumb Code    24  usmart_str.o(.text)
    usmart_pow                               0x0800bd55   Thumb Code    22  usmart_str.o(.text)
    usmart_str2num                           0x0800bd6b   Thumb Code   202  usmart_str.o(.text)
    usmart_get_cmdname                       0x0800be35   Thumb Code    54  usmart_str.o(.text)
    usmart_search_nextc                      0x0800be6b   Thumb Code    22  usmart_str.o(.text)
    usmart_get_fname                         0x0800be81   Thumb Code   440  usmart_str.o(.text)
    usmart_get_aparm                         0x0800c039   Thumb Code   200  usmart_str.o(.text)
    usmart_get_parmpos                       0x0800c101   Thumb Code    26  usmart_str.o(.text)
    usmart_get_fparam                        0x0800c11b   Thumb Code   262  usmart_str.o(.text)
    __use_no_semihosting                     0x0800c22d   Thumb Code     2  use_no_semi_2.o(.text)
    __c89vsprintf                            0x0800c231   Thumb Code    32  c89vsprintf.o(.text)
    __2printf                                0x0800c255   Thumb Code    20  __2printf.o(.text)
    __2sprintf                               0x0800c26d   Thumb Code    38  __2sprintf.o(.text)
    _printf_pre_padding                      0x0800c299   Thumb Code    44  _printf_pad.o(.text)
    _printf_post_padding                     0x0800c2c5   Thumb Code    34  _printf_pad.o(.text)
    _printf_str                              0x0800c2e7   Thumb Code    82  _printf_str.o(.text)
    _printf_int_dec                          0x0800c339   Thumb Code   104  _printf_dec.o(.text)
    _printf_longlong_hex                     0x0800c3b1   Thumb Code    86  _printf_hex_int_ll_ptr.o(.text)
    _printf_int_hex                          0x0800c407   Thumb Code    28  _printf_hex_int_ll_ptr.o(.text)
    _printf_ll_hex                           0x0800c423   Thumb Code    12  _printf_hex_int_ll_ptr.o(.text)
    _printf_hex_ptr                          0x0800c42f   Thumb Code    18  _printf_hex_int_ll_ptr.o(.text)
    __printf                                 0x0800c445   Thumb Code   388  __printf_flags_ss_wp.o(.text)
    strstr                                   0x0800c5cd   Thumb Code    36  strstr.o(.text)
    strlen                                   0x0800c5f1   Thumb Code    62  strlen.o(.text)
    __use_two_region_memory                  0x0800c62f   Thumb Code     2  heapauxi.o(.text)
    __rt_heap_escrow$2region                 0x0800c631   Thumb Code     2  heapauxi.o(.text)
    __rt_heap_expand$2region                 0x0800c633   Thumb Code     2  heapauxi.o(.text)
    __I$use$semihosting                      0x0800c635   Thumb Code     0  use_no_semi.o(.text)
    __use_no_semihosting_swi                 0x0800c635   Thumb Code     2  use_no_semi.o(.text)
    _printf_truncate_signed                  0x0800c637   Thumb Code    18  _printf_truncate.o(.text)
    _printf_truncate_unsigned                0x0800c649   Thumb Code    18  _printf_truncate.o(.text)
    _printf_int_common                       0x0800c65b   Thumb Code   178  _printf_intcommon.o(.text)
    _printf_charcount                        0x0800c70d   Thumb Code    40  _printf_charcount.o(.text)
    __lib_sel_fp_printf                      0x0800c735   Thumb Code     2  _printf_fp_dec.o(.text)
    _printf_fp_dec_real                      0x0800c8e3   Thumb Code   620  _printf_fp_dec.o(.text)
    _printf_char_common                      0x0800cb5b   Thumb Code    32  _printf_char_common.o(.text)
    _sputc                                   0x0800cb81   Thumb Code    10  _sputc.o(.text)
    _printf_cs_common                        0x0800cb8b   Thumb Code    20  _printf_char.o(.text)
    _printf_char                             0x0800cb9f   Thumb Code    16  _printf_char.o(.text)
    _printf_string                           0x0800cbaf   Thumb Code     8  _printf_char.o(.text)
    _printf_char_file                        0x0800cbb9   Thumb Code    32  _printf_char_file.o(.text)
    _printf_wctomb                           0x0800cbdd   Thumb Code   182  _printf_wctomb.o(.text)
    _printf_longlong_dec                     0x0800cc99   Thumb Code   108  _printf_longlong_dec.o(.text)
    _printf_longlong_oct                     0x0800cd15   Thumb Code    68  _printf_oct_int_ll.o(.text)
    _printf_int_oct                          0x0800cd59   Thumb Code    24  _printf_oct_int_ll.o(.text)
    _printf_ll_oct                           0x0800cd71   Thumb Code    12  _printf_oct_int_ll.o(.text)
    __rt_locale                              0x0800cd85   Thumb Code     8  rt_locale_intlibspace.o(.text)
    _ll_udiv10                               0x0800cd8d   Thumb Code   138  lludiv10.o(.text)
    _printf_fp_infnan                        0x0800ce19   Thumb Code   112  _printf_fp_infnan.o(.text)
    _printf_lcs_common                       0x0800ce99   Thumb Code    20  _printf_wchar.o(.text)
    _printf_wchar                            0x0800cead   Thumb Code    16  _printf_wchar.o(.text)
    _printf_wstring                          0x0800cebd   Thumb Code     8  _printf_wchar.o(.text)
    _btod_etento                             0x0800cec5   Thumb Code   216  bigflt0.o(.text)
    ferror                                   0x0800cfa1   Thumb Code     8  ferror.o(.text)
    _wcrtomb                                 0x0800cfa9   Thumb Code    64  _wcrtomb.o(.text)
    __user_libspace                          0x0800cfe9   Thumb Code     8  libspace.o(.text)
    __user_perproc_libspace                  0x0800cfe9   Thumb Code     0  libspace.o(.text)
    __user_perthread_libspace                0x0800cfe9   Thumb Code     0  libspace.o(.text)
    __user_setup_stackheap                   0x0800cff1   Thumb Code    74  sys_stackheap_outer.o(.text)
    __rt_ctype_table                         0x0800d03d   Thumb Code    16  rt_ctype_table.o(.text)
    exit                                     0x0800d04d   Thumb Code    18  exit.o(.text)
    strcmp                                   0x0800d061   Thumb Code   128  strcmpv7m.o(.text)
    _btod_d2e                                0x0800d0e1   Thumb Code    62  btod.o(CL$$btod_d2e)
    _d2e_denorm_low                          0x0800d11f   Thumb Code    70  btod.o(CL$$btod_d2e_denorm_low)
    _d2e_norm_op1                            0x0800d165   Thumb Code    96  btod.o(CL$$btod_d2e_norm_op1)
    __btod_div_common                        0x0800d1c5   Thumb Code   696  btod.o(CL$$btod_div_common)
    _e2e                                     0x0800d4fd   Thumb Code   198  btod.o(CL$$btod_e2e)
    _btod_ediv                               0x0800d5c3   Thumb Code    40  btod.o(CL$$btod_ediv)
    _btod_emul                               0x0800d5eb   Thumb Code    40  btod.o(CL$$btod_emul)
    __btod_mult_common                       0x0800d613   Thumb Code   580  btod.o(CL$$btod_mult_common)
    __ARM_fpclassify                         0x0800d857   Thumb Code    40  fpclassify.o(i.__ARM_fpclassify)
    _is_digit                                0x0800d87f   Thumb Code    14  __printf_wp.o(i._is_digit)
    _get_lc_numeric                          0x0800d88d   Thumb Code    44  lc_numeric_c.o(locale$$code)
    _get_lc_ctype                            0x0800d8b9   Thumb Code    44  lc_ctype_c.o(locale$$code)
    __aeabi_d2uiz                            0x0800d8e5   Thumb Code     0  dfixu.o(x$fpl$dfixu)
    _dfixu                                   0x0800d8e5   Thumb Code    90  dfixu.o(x$fpl$dfixu)
    __aeabi_ui2d                             0x0800d93f   Thumb Code     0  dflt_clz.o(x$fpl$dfltu)
    _dfltu                                   0x0800d93f   Thumb Code    38  dflt_clz.o(x$fpl$dfltu)
    __aeabi_dmul                             0x0800d965   Thumb Code     0  dmul.o(x$fpl$dmul)
    _dmul                                    0x0800d965   Thumb Code   332  dmul.o(x$fpl$dmul)
    __fpl_dnaninf                            0x0800dab9   Thumb Code   156  dnaninf.o(x$fpl$dnaninf)
    __fpl_dretinf                            0x0800db55   Thumb Code    12  dretinf.o(x$fpl$dretinf)
    __aeabi_f2d                              0x0800db61   Thumb Code     0  f2d.o(x$fpl$f2d)
    _f2d                                     0x0800db61   Thumb Code    86  f2d.o(x$fpl$f2d)
    __aeabi_fadd                             0x0800dbb9   Thumb Code     0  faddsub_clz.o(x$fpl$fadd)
    _fadd                                    0x0800dbb9   Thumb Code   196  faddsub_clz.o(x$fpl$fadd)
    __aeabi_fdiv                             0x0800dc7d   Thumb Code     0  fdiv.o(x$fpl$fdiv)
    _fdiv                                    0x0800dc7d   Thumb Code   384  fdiv.o(x$fpl$fdiv)
    __aeabi_f2uiz                            0x0800de01   Thumb Code     0  ffixu.o(x$fpl$ffixu)
    _ffixu                                   0x0800de01   Thumb Code    62  ffixu.o(x$fpl$ffixu)
    __aeabi_i2f                              0x0800de41   Thumb Code     0  fflt_clz.o(x$fpl$fflt)
    _fflt                                    0x0800de41   Thumb Code    48  fflt_clz.o(x$fpl$fflt)
    __aeabi_ui2f                             0x0800de71   Thumb Code     0  fflt_clz.o(x$fpl$ffltu)
    _ffltu                                   0x0800de71   Thumb Code    38  fflt_clz.o(x$fpl$ffltu)
    __aeabi_fmul                             0x0800de99   Thumb Code     0  fmul.o(x$fpl$fmul)
    _fmul                                    0x0800de99   Thumb Code   258  fmul.o(x$fpl$fmul)
    __fpl_fnaninf                            0x0800df9b   Thumb Code   140  fnaninf.o(x$fpl$fnaninf)
    __fpl_fretinf                            0x0800e027   Thumb Code    10  fretinf.o(x$fpl$fretinf)
    __aeabi_fsub                             0x0800e031   Thumb Code     0  faddsub_clz.o(x$fpl$fsub)
    _fsub                                    0x0800e031   Thumb Code   234  faddsub_clz.o(x$fpl$fsub)
    _printf_fp_dec                           0x0800e11b   Thumb Code     4  printf1.o(x$fpl$printf1)
    __I$use$fp                               0x0800e11e   Number         0  usenofp.o(x$fpl$usenofp)
    asc2_1206                                0x0800e11e   Data        1140  lcd.o(.constdata)
    asc2_1608                                0x0800e592   Data        1520  lcd.o(.constdata)
    asc2_2412                                0x0800eb82   Data        3420  lcd.o(.constdata)
    BAUD_id                                  0x0800f8e0   Data          36  gps.o(.constdata)
    OSUnMapTbl                               0x0800f904   Data         256  os_core.o(.constdata)
    Region$$Table$$Base                      0x0800fbb0   Number         0  anon$$obj.o(Region$$Table)
    Region$$Table$$Limit                     0x0800fbd0   Number         0  anon$$obj.o(Region$$Table)
    __ctype                                  0x0800fbf9   Data           0  lc_ctype_c.o(locale$$data)
    fixmode_tbl                              0x20000000   Data          16  main.o(.data)
    i                                        0x20000010   Data           2  main.o(.data)
    rxlen                                    0x20000012   Data           2  main.o(.data)
    lenx                                     0x20000014   Data           2  main.o(.data)
    key                                      0x20000016   Data           1  main.o(.data)
    upload                                   0x20000017   Data           1  main.o(.data)
    SystemCoreClock                          0x20000018   Data           4  system_stm32f10x.o(.data)
    AHBPrescTable                            0x2000001c   Data          16  system_stm32f10x.o(.data)
    USART2_RX_STA                            0x2000002e   Data           2  usart2.o(.data)
    POINT_COLOR                              0x20000030   Data           2  lcd.o(.data)
    BACK_COLOR                               0x20000032   Data           2  lcd.o(.data)
    __stdout                                 0x20000038   Data           4  usart.o(.data)
    USART_RX_STA                             0x2000003c   Data           2  usart.o(.data)
    OSCtxSwCtr                               0x20000054   Data           4  os_core.o(.data)
    OSEventFreeList                          0x20000058   Data           4  os_core.o(.data)
    OSFlagFreeList                           0x2000005c   Data           4  os_core.o(.data)
    OSCPUUsage                               0x20000060   Data           1  os_core.o(.data)
    OSIdleCtrMax                             0x20000064   Data           4  os_core.o(.data)
    OSIdleCtrRun                             0x20000068   Data           4  os_core.o(.data)
    OSStatRdy                                0x2000006c   Data           1  os_core.o(.data)
    OSIntNesting                             0x2000006d   Data           1  os_core.o(.data)
    OSLockNesting                            0x2000006e   Data           1  os_core.o(.data)
    OSPrioCur                                0x2000006f   Data           1  os_core.o(.data)
    OSPrioHighRdy                            0x20000070   Data           1  os_core.o(.data)
    OSRdyGrp                                 0x20000071   Data           1  os_core.o(.data)
    OSRdyTbl                                 0x20000072   Data           8  os_core.o(.data)
    OSRunning                                0x2000007a   Data           1  os_core.o(.data)
    OSTaskCtr                                0x2000007b   Data           1  os_core.o(.data)
    OSIdleCtr                                0x2000007c   Data           4  os_core.o(.data)
    OSTCBCur                                 0x20000080   Data           4  os_core.o(.data)
    OSTCBFreeList                            0x20000084   Data           4  os_core.o(.data)
    OSTCBHighRdy                             0x20000088   Data           4  os_core.o(.data)
    OSTCBList                                0x2000008c   Data           4  os_core.o(.data)
    OSTickStepState                          0x20000090   Data           1  os_core.o(.data)
    OSQFreeList                              0x20000094   Data           4  os_core.o(.data)
    OSTime                                   0x20000098   Data           4  os_core.o(.data)
    sys_cmd_tab                              0x2000009c   Data          28  usmart.o(.data)
    usmart_nametab                           0x200000b8   Data          40  usmart_config.o(.data)
    usmart_dev                               0x200000e0   Data         244  usmart_config.o(.data)
    USART1_TX_BUF                            0x200001d4   Data        1024  main.o(.bss)
    gpsx                                     0x200005d4   Data         166  main.o(.bss)
    dtbuf                                    0x2000067c   Data          50  main.o(.bss)
    START_TASK_STK                           0x200006b0   Data         256  main.o(.bss)
    GPS_TASK_STK                             0x200007b0   Data         256  main.o(.bss)
    USART2_TX_BUF                            0x200008b0   Data        1024  usart2.o(.bss)
    USART2_RX_BUF                            0x20000cb0   Data        1024  usart2.o(.bss)
    lcddev                                   0x200010b0   Data          14  lcd.o(.bss)
    USART_RX_BUF                             0x200010be   Data         200  usart.o(.bss)
    OSEventTbl                               0x20001188   Data         200  os_core.o(.bss)
    OSFlagTbl                                0x20001250   Data          80  os_core.o(.bss)
    OSTaskStatStk                            0x200012a0   Data         512  os_core.o(.bss)
    OSTaskIdleStk                            0x200014a0   Data         512  os_core.o(.bss)
    OSTCBPrioTbl                             0x200016a0   Data         256  os_core.o(.bss)
    OSTCBTbl                                 0x200017a0   Data        1008  os_core.o(.bss)
    OSQTbl                                   0x20001b90   Data         120  os_core.o(.bss)
    __libspace_start                         0x20001c08   Data          96  libspace.o(.bss)
    __temporary_stack_top$libspace           0x20001c68   Data           0  libspace.o(.bss)



==============================================================================

Memory Map of the image

  Image Entry point : 0x08000131

  Load Region LR_IROM1 (Base: 0x08000000, Size: 0x0000fed0, Max: 0x00040000, ABSOLUTE, COMPRESSED[0x0000fd78])

    Execution Region ER_IROM1 (Base: 0x08000000, Size: 0x0000fcfc, Max: 0x00040000, ABSOLUTE)

    Base Addr    Size         Type   Attr      Idx    E Section Name        Object

    0x08000000   0x00000130   Data   RO          396    RESET               startup_stm32f10x_hd.o
    0x08000130   0x00000008   Code   RO          941  * !!!main             c_w.l(__main.o)
    0x08000138   0x00000034   Code   RO         1247    !!!scatter          c_w.l(__scatter.o)
    0x0800016c   0x0000005a   Code   RO         1245    !!dczerorl2         c_w.l(__dczerorl2.o)
    0x080001c6   0x00000002   PAD
    0x080001c8   0x0000001c   Code   RO         1249    !!handler_zi        c_w.l(__scatter_zi.o)
    0x080001e4   0x00000000   Code   RO          934    .ARM.Collect$$_printf_percent$$00000000  c_w.l(_printf_percent.o)
    0x080001e4   0x00000006   Code   RO         1011    .ARM.Collect$$_printf_percent$$00000001  c_w.l(_printf_n.o)
    0x080001ea   0x00000006   Code   RO         1012    .ARM.Collect$$_printf_percent$$00000002  c_w.l(_printf_p.o)
    0x080001f0   0x00000006   Code   RO          933    .ARM.Collect$$_printf_percent$$00000003  c_w.l(_printf_f.o)
    0x080001f6   0x00000006   Code   RO         1015    .ARM.Collect$$_printf_percent$$00000004  c_w.l(_printf_e.o)
    0x080001fc   0x00000006   Code   RO         1016    .ARM.Collect$$_printf_percent$$00000005  c_w.l(_printf_g.o)
    0x08000202   0x00000006   Code   RO         1017    .ARM.Collect$$_printf_percent$$00000006  c_w.l(_printf_a.o)
    0x08000208   0x0000000a   Code   RO         1022    .ARM.Collect$$_printf_percent$$00000007  c_w.l(_printf_ll.o)
    0x08000212   0x00000006   Code   RO         1014    .ARM.Collect$$_printf_percent$$00000008  c_w.l(_printf_i.o)
    0x08000218   0x00000006   Code   RO          931    .ARM.Collect$$_printf_percent$$00000009  c_w.l(_printf_d.o)
    0x0800021e   0x00000006   Code   RO          932    .ARM.Collect$$_printf_percent$$0000000A  c_w.l(_printf_u.o)
    0x08000224   0x00000006   Code   RO         1013    .ARM.Collect$$_printf_percent$$0000000B  c_w.l(_printf_o.o)
    0x0800022a   0x00000006   Code   RO          930    .ARM.Collect$$_printf_percent$$0000000C  c_w.l(_printf_x.o)
    0x08000230   0x00000006   Code   RO         1019    .ARM.Collect$$_printf_percent$$0000000D  c_w.l(_printf_lli.o)
    0x08000236   0x00000006   Code   RO         1020    .ARM.Collect$$_printf_percent$$0000000E  c_w.l(_printf_lld.o)
    0x0800023c   0x00000006   Code   RO         1021    .ARM.Collect$$_printf_percent$$0000000F  c_w.l(_printf_llu.o)
    0x08000242   0x00000006   Code   RO         1026    .ARM.Collect$$_printf_percent$$00000010  c_w.l(_printf_llo.o)
    0x08000248   0x00000006   Code   RO         1027    .ARM.Collect$$_printf_percent$$00000011  c_w.l(_printf_llx.o)
    0x0800024e   0x0000000a   Code   RO         1023    .ARM.Collect$$_printf_percent$$00000012  c_w.l(_printf_l.o)
    0x08000258   0x00000006   Code   RO          928    .ARM.Collect$$_printf_percent$$00000013  c_w.l(_printf_c.o)
    0x0800025e   0x00000006   Code   RO          929    .ARM.Collect$$_printf_percent$$00000014  c_w.l(_printf_s.o)
    0x08000264   0x00000006   Code   RO         1024    .ARM.Collect$$_printf_percent$$00000015  c_w.l(_printf_lc.o)
    0x0800026a   0x00000006   Code   RO         1025    .ARM.Collect$$_printf_percent$$00000016  c_w.l(_printf_ls.o)
    0x08000270   0x00000004   Code   RO         1018    .ARM.Collect$$_printf_percent$$00000017  c_w.l(_printf_percent_end.o)
    0x08000274   0x00000002   Code   RO         1119    .ARM.Collect$$libinit$$00000000  c_w.l(libinit.o)
    0x08000276   0x00000000   Code   RO         1121    .ARM.Collect$$libinit$$00000002  c_w.l(libinit2.o)
    0x08000276   0x00000000   Code   RO         1123    .ARM.Collect$$libinit$$00000004  c_w.l(libinit2.o)
    0x08000276   0x00000000   Code   RO         1126    .ARM.Collect$$libinit$$0000000A  c_w.l(libinit2.o)
    0x08000276   0x00000000   Code   RO         1128    .ARM.Collect$$libinit$$0000000C  c_w.l(libinit2.o)
    0x08000276   0x00000000   Code   RO         1130    .ARM.Collect$$libinit$$0000000E  c_w.l(libinit2.o)
    0x08000276   0x00000006   Code   RO         1131    .ARM.Collect$$libinit$$0000000F  c_w.l(libinit2.o)
    0x0800027c   0x00000000   Code   RO         1133    .ARM.Collect$$libinit$$00000011  c_w.l(libinit2.o)
    0x0800027c   0x0000000c   Code   RO         1134    .ARM.Collect$$libinit$$00000012  c_w.l(libinit2.o)
    0x08000288   0x00000000   Code   RO         1135    .ARM.Collect$$libinit$$00000013  c_w.l(libinit2.o)
    0x08000288   0x00000000   Code   RO         1137    .ARM.Collect$$libinit$$00000015  c_w.l(libinit2.o)
    0x08000288   0x0000000a   Code   RO         1138    .ARM.Collect$$libinit$$00000016  c_w.l(libinit2.o)
    0x08000292   0x00000000   Code   RO         1139    .ARM.Collect$$libinit$$00000017  c_w.l(libinit2.o)
    0x08000292   0x00000000   Code   RO         1141    .ARM.Collect$$libinit$$00000019  c_w.l(libinit2.o)
    0x08000292   0x00000000   Code   RO         1143    .ARM.Collect$$libinit$$0000001B  c_w.l(libinit2.o)
    0x08000292   0x00000000   Code   RO         1145    .ARM.Collect$$libinit$$0000001D  c_w.l(libinit2.o)
    0x08000292   0x00000000   Code   RO         1147    .ARM.Collect$$libinit$$0000001F  c_w.l(libinit2.o)
    0x08000292   0x00000000   Code   RO         1149    .ARM.Collect$$libinit$$00000021  c_w.l(libinit2.o)
    0x08000292   0x00000000   Code   RO         1151    .ARM.Collect$$libinit$$00000023  c_w.l(libinit2.o)
    0x08000292   0x00000000   Code   RO         1153    .ARM.Collect$$libinit$$00000025  c_w.l(libinit2.o)
    0x08000292   0x00000000   Code   RO         1157    .ARM.Collect$$libinit$$0000002C  c_w.l(libinit2.o)
    0x08000292   0x00000000   Code   RO         1159    .ARM.Collect$$libinit$$0000002E  c_w.l(libinit2.o)
    0x08000292   0x00000000   Code   RO         1161    .ARM.Collect$$libinit$$00000030  c_w.l(libinit2.o)
    0x08000292   0x00000000   Code   RO         1163    .ARM.Collect$$libinit$$00000032  c_w.l(libinit2.o)
    0x08000292   0x00000002   Code   RO         1164    .ARM.Collect$$libinit$$00000033  c_w.l(libinit2.o)
    0x08000294   0x00000002   Code   RO         1195    .ARM.Collect$$libshutdown$$00000000  c_w.l(libshutdown.o)
    0x08000296   0x00000000   Code   RO         1204    .ARM.Collect$$libshutdown$$00000002  c_w.l(libshutdown2.o)
    0x08000296   0x00000000   Code   RO         1206    .ARM.Collect$$libshutdown$$00000004  c_w.l(libshutdown2.o)
    0x08000296   0x00000000   Code   RO         1209    .ARM.Collect$$libshutdown$$00000007  c_w.l(libshutdown2.o)
    0x08000296   0x00000000   Code   RO         1212    .ARM.Collect$$libshutdown$$0000000A  c_w.l(libshutdown2.o)
    0x08000296   0x00000000   Code   RO         1214    .ARM.Collect$$libshutdown$$0000000C  c_w.l(libshutdown2.o)
    0x08000296   0x00000000   Code   RO         1217    .ARM.Collect$$libshutdown$$0000000F  c_w.l(libshutdown2.o)
    0x08000296   0x00000002   Code   RO         1218    .ARM.Collect$$libshutdown$$00000010  c_w.l(libshutdown2.o)
    0x08000298   0x00000000   Code   RO          983    .ARM.Collect$$rtentry$$00000000  c_w.l(__rtentry.o)
    0x08000298   0x00000000   Code   RO         1038    .ARM.Collect$$rtentry$$00000002  c_w.l(__rtentry2.o)
    0x08000298   0x00000006   Code   RO         1050    .ARM.Collect$$rtentry$$00000004  c_w.l(__rtentry4.o)
    0x0800029e   0x00000000   Code   RO         1040    .ARM.Collect$$rtentry$$00000009  c_w.l(__rtentry2.o)
    0x0800029e   0x00000004   Code   RO         1041    .ARM.Collect$$rtentry$$0000000A  c_w.l(__rtentry2.o)
    0x080002a2   0x00000000   Code   RO         1043    .ARM.Collect$$rtentry$$0000000C  c_w.l(__rtentry2.o)
    0x080002a2   0x00000008   Code   RO         1044    .ARM.Collect$$rtentry$$0000000D  c_w.l(__rtentry2.o)
    0x080002aa   0x00000002   Code   RO         1165    .ARM.Collect$$rtexit$$00000000  c_w.l(rtexit.o)
    0x080002ac   0x00000000   Code   RO         1175    .ARM.Collect$$rtexit$$00000002  c_w.l(rtexit2.o)
    0x080002ac   0x00000004   Code   RO         1176    .ARM.Collect$$rtexit$$00000003  c_w.l(rtexit2.o)
    0x080002b0   0x00000006   Code   RO         1177    .ARM.Collect$$rtexit$$00000004  c_w.l(rtexit2.o)
    0x080002b6   0x00000002   PAD
    0x080002b8   0x00000690   Code   RO            1    .text               main.o
    0x08000948   0x00000016   Code   RO          171    .text               stm32f10x_it.o
    0x0800095e   0x00000002   PAD
    0x08000960   0x000001e0   Code   RO          212    .text               system_stm32f10x.o
    0x08000b40   0x00000050   Code   RO          230    .text               led.o
    0x08000b90   0x000000fc   Code   RO          242    .text               key.o
    0x08000c8c   0x0000027c   Code   RO          255    .text               usart2.o
    0x08000f08   0x00005846   Code   RO          281    .text               lcd.o
    0x0800674e   0x00000002   PAD
    0x08006750   0x00000914   Code   RO          311    .text               gps.o
    0x08007064   0x00000130   Code   RO          330    .text               delay.o
    0x08007194   0x00000148   Code   RO          361    .text               usart.o
    0x080072dc   0x00000040   Code   RO          397    .text               startup_stm32f10x_hd.o
    0x0800731c   0x0000035c   Code   RO          401    .text               stm32f10x_gpio.o
    0x08007678   0x000003a4   Code   RO          413    .text               stm32f10x_rcc.o
    0x08007a1c   0x00000408   Code   RO          427    .text               stm32f10x_usart.o
    0x08007e24   0x000000dc   Code   RO          439    .text               misc.o
    0x08007f00   0x00000254   Code   RO          535    .text               stm32f10x_dma.o
    0x08008154   0x00000e1a   Code   RO          655    .text               stm32f10x_tim.o
    0x08008f6e   0x00000002   PAD
    0x08008f70   0x00000890   Code   RO          679    .text               os_core.o
    0x08009800   0x0000080c   Code   RO          699    .text               os_flag.o
    0x0800a00c   0x000005e8   Code   RO          741    .text               os_q.o
    0x0800a5f4   0x000007c4   Code   RO          765    .text               os_task.o
    0x0800adb8   0x000001b0   Code   RO          777    .text               os_time.o
    0x0800af68   0x000000ae   Code   RO          795    .text               os_cpu_c.o
    0x0800b016   0x00000002   PAD
    0x0800b018   0x000000b4   Code   RO          817    .text               os_cpu_a.o
    0x0800b0cc   0x00000c38   Code   RO          820    .text               usmart.o
    0x0800bd04   0x00000528   Code   RO          853    .text               usmart_str.o
    0x0800c22c   0x00000002   Code   RO          867    .text               c_w.l(use_no_semi_2.o)
    0x0800c22e   0x00000002   PAD
    0x0800c230   0x00000024   Code   RO          869    .text               c_w.l(c89vsprintf.o)
    0x0800c254   0x00000018   Code   RO          871    .text               c_w.l(__2printf.o)
    0x0800c26c   0x0000002c   Code   RO          873    .text               c_w.l(__2sprintf.o)
    0x0800c298   0x0000004e   Code   RO          881    .text               c_w.l(_printf_pad.o)
    0x0800c2e6   0x00000052   Code   RO          883    .text               c_w.l(_printf_str.o)
    0x0800c338   0x00000078   Code   RO          885    .text               c_w.l(_printf_dec.o)
    0x0800c3b0   0x00000094   Code   RO          905    .text               c_w.l(_printf_hex_int_ll_ptr.o)
    0x0800c444   0x00000188   Code   RO          925    .text               c_w.l(__printf_flags_ss_wp.o)
    0x0800c5cc   0x00000024   Code   RO          935    .text               c_w.l(strstr.o)
    0x0800c5f0   0x0000003e   Code   RO          937    .text               c_w.l(strlen.o)
    0x0800c62e   0x00000006   Code   RO          939    .text               c_w.l(heapauxi.o)
    0x0800c634   0x00000002   Code   RO          981    .text               c_w.l(use_no_semi.o)
    0x0800c636   0x00000024   Code   RO          984    .text               c_w.l(_printf_truncate.o)
    0x0800c65a   0x000000b2   Code   RO          986    .text               c_w.l(_printf_intcommon.o)
    0x0800c70c   0x00000028   Code   RO          988    .text               c_w.l(_printf_charcount.o)
    0x0800c734   0x0000041a   Code   RO          990    .text               c_w.l(_printf_fp_dec.o)
    0x0800cb4e   0x00000002   PAD
    0x0800cb50   0x00000030   Code   RO          992    .text               c_w.l(_printf_char_common.o)
    0x0800cb80   0x0000000a   Code   RO          994    .text               c_w.l(_sputc.o)
    0x0800cb8a   0x0000002c   Code   RO          996    .text               c_w.l(_printf_char.o)
    0x0800cbb6   0x00000002   PAD
    0x0800cbb8   0x00000024   Code   RO          998    .text               c_w.l(_printf_char_file.o)
    0x0800cbdc   0x000000bc   Code   RO         1000    .text               c_w.l(_printf_wctomb.o)
    0x0800cc98   0x0000007c   Code   RO         1003    .text               c_w.l(_printf_longlong_dec.o)
    0x0800cd14   0x00000070   Code   RO         1009    .text               c_w.l(_printf_oct_int_ll.o)
    0x0800cd84   0x00000008   Code   RO         1055    .text               c_w.l(rt_locale_intlibspace.o)
    0x0800cd8c   0x0000008a   Code   RO         1057    .text               c_w.l(lludiv10.o)
    0x0800ce16   0x00000002   PAD
    0x0800ce18   0x00000080   Code   RO         1059    .text               c_w.l(_printf_fp_infnan.o)
    0x0800ce98   0x0000002c   Code   RO         1063    .text               c_w.l(_printf_wchar.o)
    0x0800cec4   0x000000dc   Code   RO         1065    .text               c_w.l(bigflt0.o)
    0x0800cfa0   0x00000008   Code   RO         1090    .text               c_w.l(ferror.o)
    0x0800cfa8   0x00000040   Code   RO         1094    .text               c_w.l(_wcrtomb.o)
    0x0800cfe8   0x00000008   Code   RO         1103    .text               c_w.l(libspace.o)
    0x0800cff0   0x0000004a   Code   RO         1106    .text               c_w.l(sys_stackheap_outer.o)
    0x0800d03a   0x00000002   PAD
    0x0800d03c   0x00000010   Code   RO         1108    .text               c_w.l(rt_ctype_table.o)
    0x0800d04c   0x00000012   Code   RO         1110    .text               c_w.l(exit.o)
    0x0800d05e   0x00000002   PAD
    0x0800d060   0x00000080   Code   RO         1112    .text               c_w.l(strcmpv7m.o)
    0x0800d0e0   0x0000003e   Code   RO         1068    CL$$btod_d2e        c_w.l(btod.o)
    0x0800d11e   0x00000046   Code   RO         1070    CL$$btod_d2e_denorm_low  c_w.l(btod.o)
    0x0800d164   0x00000060   Code   RO         1069    CL$$btod_d2e_norm_op1  c_w.l(btod.o)
    0x0800d1c4   0x00000338   Code   RO         1078    CL$$btod_div_common  c_w.l(btod.o)
    0x0800d4fc   0x000000c6   Code   RO         1075    CL$$btod_e2e        c_w.l(btod.o)
    0x0800d5c2   0x00000028   Code   RO         1072    CL$$btod_ediv       c_w.l(btod.o)
    0x0800d5ea   0x00000028   Code   RO         1071    CL$$btod_emul       c_w.l(btod.o)
    0x0800d612   0x00000244   Code   RO         1077    CL$$btod_mult_common  c_w.l(btod.o)
    0x0800d856   0x00000028   Code   RO         1101    i.__ARM_fpclassify  m_ws.l(fpclassify.o)
    0x0800d87e   0x0000000e   Code   RO          918    i._is_digit         c_w.l(__printf_wp.o)
    0x0800d88c   0x0000002c   Code   RO         1097    locale$$code        c_w.l(lc_numeric_c.o)
    0x0800d8b8   0x0000002c   Code   RO         1168    locale$$code        c_w.l(lc_ctype_c.o)
    0x0800d8e4   0x0000005a   Code   RO          943    x$fpl$dfixu         fz_ws.l(dfixu.o)
    0x0800d93e   0x00000026   Code   RO          947    x$fpl$dfltu         fz_ws.l(dflt_clz.o)
    0x0800d964   0x00000154   Code   RO          953    x$fpl$dmul          fz_ws.l(dmul.o)
    0x0800dab8   0x0000009c   Code   RO         1028    x$fpl$dnaninf       fz_ws.l(dnaninf.o)
    0x0800db54   0x0000000c   Code   RO         1030    x$fpl$dretinf       fz_ws.l(dretinf.o)
    0x0800db60   0x00000056   Code   RO          955    x$fpl$f2d           fz_ws.l(f2d.o)
    0x0800dbb6   0x00000002   PAD
    0x0800dbb8   0x000000c4   Code   RO          957    x$fpl$fadd          fz_ws.l(faddsub_clz.o)
    0x0800dc7c   0x00000184   Code   RO          964    x$fpl$fdiv          fz_ws.l(fdiv.o)
    0x0800de00   0x0000003e   Code   RO          967    x$fpl$ffixu         fz_ws.l(ffixu.o)
    0x0800de3e   0x00000002   PAD
    0x0800de40   0x00000030   Code   RO          972    x$fpl$fflt          fz_ws.l(fflt_clz.o)
    0x0800de70   0x00000026   Code   RO          971    x$fpl$ffltu         fz_ws.l(fflt_clz.o)
    0x0800de96   0x00000002   PAD
    0x0800de98   0x00000102   Code   RO          977    x$fpl$fmul          fz_ws.l(fmul.o)
    0x0800df9a   0x0000008c   Code   RO         1032    x$fpl$fnaninf       fz_ws.l(fnaninf.o)
    0x0800e026   0x0000000a   Code   RO         1034    x$fpl$fretinf       fz_ws.l(fretinf.o)
    0x0800e030   0x000000ea   Code   RO          959    x$fpl$fsub          fz_ws.l(faddsub_clz.o)
    0x0800e11a   0x00000004   Code   RO          979    x$fpl$printf1       fz_ws.l(printf1.o)
    0x0800e11e   0x00000000   Code   RO         1036    x$fpl$usenofp       fz_ws.l(usenofp.o)
    0x0800e11e   0x000017c0   Data   RO          283    .constdata          lcd.o
    0x0800f8de   0x00000002   PAD
    0x0800f8e0   0x00000024   Data   RO          312    .constdata          gps.o
    0x0800f904   0x00000100   Data   RO          681    .constdata          os_core.o
    0x0800fa04   0x00000028   Data   RO          906    .constdata          c_w.l(_printf_hex_int_ll_ptr.o)
    0x0800fa2c   0x00000011   Data   RO          926    .constdata          c_w.l(__printf_flags_ss_wp.o)
    0x0800fa3d   0x00000003   PAD
    0x0800fa40   0x00000008   Data   RO         1001    .constdata          c_w.l(_printf_wctomb.o)
    0x0800fa48   0x00000094   Data   RO         1066    .constdata          c_w.l(bigflt0.o)
    0x0800fadc   0x00000015   Data   RO            3    .conststring        main.o
    0x0800faf1   0x00000003   PAD
    0x0800faf4   0x00000028   Data   RO          821    .conststring        usmart.o
    0x0800fb1c   0x00000094   Data   RO          840    .conststring        usmart_config.o
    0x0800fbb0   0x00000020   Data   RO         1243    Region$$Table       anon$$obj.o
    0x0800fbd0   0x0000001c   Data   RO         1096    locale$$data        c_w.l(lc_numeric_c.o)
    0x0800fbec   0x00000110   Data   RO         1167    locale$$data        c_w.l(lc_ctype_c.o)


    Execution Region RW_IRAM1 (Base: 0x20000000, Size: 0x00002268, Max: 0x0000c000, ABSOLUTE, COMPRESSED[0x0000007c])

    Base Addr    Size         Type   Attr      Idx    E Section Name        Object

    0x20000000   0x00000018   Data   RW            4    .data               main.o
    0x20000018   0x00000014   Data   RW          213    .data               system_stm32f10x.o
    0x2000002c   0x00000001   Data   RW          243    .data               key.o
    0x2000002d   0x00000001   PAD
    0x2000002e   0x00000002   Data   RW          257    .data               usart2.o
    0x20000030   0x00000004   Data   RW          284    .data               lcd.o
    0x20000034   0x00000004   Data   RW          331    .data               delay.o
    0x20000038   0x00000006   Data   RW          363    .data               usart.o
    0x2000003e   0x00000014   Data   RW          414    .data               stm32f10x_rcc.o
    0x20000052   0x00000002   PAD
    0x20000054   0x00000048   Data   RW          682    .data               os_core.o
    0x2000009c   0x0000001c   Data   RW          822    .data               usmart.o
    0x200000b8   0x0000011c   Data   RW          841    .data               usmart_config.o
    0x200001d4   0x000006dc   Zero   RW            2    .bss                main.o
    0x200008b0   0x00000800   Zero   RW          256    .bss                usart2.o
    0x200010b0   0x0000000e   Zero   RW          282    .bss                lcd.o
    0x200010be   0x000000c8   Zero   RW          362    .bss                usart.o
    0x20001186   0x00000002   PAD
    0x20001188   0x00000a80   Zero   RW          680    .bss                os_core.o
    0x20001c08   0x00000060   Zero   RW         1104    .bss                c_w.l(libspace.o)
    0x20001c68   0x00000200   Zero   RW          395    HEAP                startup_stm32f10x_hd.o
    0x20001e68   0x00000400   Zero   RW          394    STACK               startup_stm32f10x_hd.o


==============================================================================

Image component sizes


      Code (inc. data)   RO Data    RW Data    ZI Data      Debug   Object Name

       304         24          0          4          0       1821   delay.o
      2324         74         36          0          0       6585   gps.o
       252         16          0          1          0        860   key.o
     22598        208       6080          4         14      25123   lcd.o
        80          8          0          0          0        519   led.o
      1680        516         21         24       1756     276128   main.o
       220         22          0          0          0       1849   misc.o
      2192        218        256         72       2688      15071   os_core.o
       180         36          0          0          0        348   os_cpu_a.o
       174          0          0          0          0      10498   os_cpu_c.o
      2060         42          0          0          0       7148   os_flag.o
      1512         30          0          0          0       5813   os_q.o
      1988         70          0          0          0       7833   os_task.o
       432         30          0          0          0       1870   os_time.o
        64         26        304          0       1536        816   startup_stm32f10x_hd.o
       596          8          0          0          0       4410   stm32f10x_dma.o
       860         38          0          0          0       5781   stm32f10x_gpio.o
        22          0          0          0          0       1023   stm32f10x_it.o
       932         36          0         20          0       8980   stm32f10x_rcc.o
      3610         88          0          0          0      22888   stm32f10x_tim.o
      1032         22          0          0          0       8504   stm32f10x_usart.o
         0          0          0          0          0         32   sys.o
       480         38          0         20          0       1811   system_stm32f10x.o
       328         16          0          6        200       3262   usart.o
       636         30          0          2       2048       3789   usart2.o
      3128       1284         40         28          0       4402   usmart.o
         0          0        148        284          0       1672   usmart_config.o
      1320         12          0          0          0       5273   usmart_str.o

    ----------------------------------------------------------------------
     49012       2892       6922        468       8244     434109   Object Totals
         0          0         32          0          0          0   (incl. Generated)
         8          0          5          3          2          0   (incl. Padding)

    ----------------------------------------------------------------------

      Code (inc. data)   RO Data    RW Data    ZI Data      Debug   Library Member Name

        24          4          0          0          0         84   __2printf.o
        44          6          0          0          0         84   __2sprintf.o
        90          0          0          0          0          0   __dczerorl2.o
         8          0          0          0          0         68   __main.o
       392          4         17          0          0         92   __printf_flags_ss_wp.o
        14          0          0          0          0         68   __printf_wp.o
         0          0          0          0          0          0   __rtentry.o
        12          0          0          0          0          0   __rtentry2.o
         6          0          0          0          0          0   __rtentry4.o
        52          8          0          0          0          0   __scatter.o
        28          0          0          0          0          0   __scatter_zi.o
         6          0          0          0          0          0   _printf_a.o
         6          0          0          0          0          0   _printf_c.o
        44          0          0          0          0        108   _printf_char.o
        48          6          0          0          0         96   _printf_char_common.o
        36          4          0          0          0         80   _printf_char_file.o
        40          0          0          0          0         68   _printf_charcount.o
         6          0          0          0          0          0   _printf_d.o
       120         16          0          0          0         92   _printf_dec.o
         6          0          0          0          0          0   _printf_e.o
         6          0          0          0          0          0   _printf_f.o
      1050          0          0          0          0        216   _printf_fp_dec.o
       128         16          0          0          0         84   _printf_fp_infnan.o
         6          0          0          0          0          0   _printf_g.o
       148          4         40          0          0        160   _printf_hex_int_ll_ptr.o
         6          0          0          0          0          0   _printf_i.o
       178          0          0          0          0         88   _printf_intcommon.o
        10          0          0          0          0          0   _printf_l.o
         6          0          0          0          0          0   _printf_lc.o
        10          0          0          0          0          0   _printf_ll.o
         6          0          0          0          0          0   _printf_lld.o
         6          0          0          0          0          0   _printf_lli.o
         6          0          0          0          0          0   _printf_llo.o
         6          0          0          0          0          0   _printf_llu.o
         6          0          0          0          0          0   _printf_llx.o
       124         16          0          0          0         92   _printf_longlong_dec.o
         6          0          0          0          0          0   _printf_ls.o
         6          0          0          0          0          0   _printf_n.o
         6          0          0          0          0          0   _printf_o.o
       112          8          0          0          0        124   _printf_oct_int_ll.o
         6          0          0          0          0          0   _printf_p.o
        78          0          0          0          0        108   _printf_pad.o
         0          0          0          0          0          0   _printf_percent.o
         4          0          0          0          0          0   _printf_percent_end.o
         6          0          0          0          0          0   _printf_s.o
        82          0          0          0          0         80   _printf_str.o
        36          0          0          0          0         84   _printf_truncate.o
         6          0          0          0          0          0   _printf_u.o
        44          0          0          0          0        108   _printf_wchar.o
       188          6          8          0          0         92   _printf_wctomb.o
         6          0          0          0          0          0   _printf_x.o
        10          0          0          0          0         68   _sputc.o
        64          0          0          0          0         92   _wcrtomb.o
       220          4        148          0          0         96   bigflt0.o
      1910        128          0          0          0        672   btod.o
        36          4          0          0          0         76   c89vsprintf.o
        18          0          0          0          0         80   exit.o
         8          0          0          0          0         68   ferror.o
         6          0          0          0          0        152   heapauxi.o
        44         10        272          0          0         76   lc_ctype_c.o
        44         10         28          0          0         76   lc_numeric_c.o
         2          0          0          0          0          0   libinit.o
        30          0          0          0          0          0   libinit2.o
         2          0          0          0          0          0   libshutdown.o
         2          0          0          0          0          0   libshutdown2.o
         8          4          0          0         96         68   libspace.o
       138          0          0          0          0         80   lludiv10.o
        16          4          0          0          0         76   rt_ctype_table.o
         8          4          0          0          0         68   rt_locale_intlibspace.o
         2          0          0          0          0          0   rtexit.o
        10          0          0          0          0          0   rtexit2.o
       128          0          0          0          0         68   strcmpv7m.o
        62          0          0          0          0         76   strlen.o
        36          0          0          0          0         80   strstr.o
        74          0          0          0          0         80   sys_stackheap_outer.o
         2          0          0          0          0         68   use_no_semi.o
         2          0          0          0          0         68   use_no_semi_2.o
        90          4          0          0          0         92   dfixu.o
        38          0          0          0          0         68   dflt_clz.o
       340         12          0          0          0        104   dmul.o
       156          4          0          0          0         92   dnaninf.o
        12          0          0          0          0         68   dretinf.o
        86          4          0          0          0         84   f2d.o
       430          8          0          0          0        168   faddsub_clz.o
       388         76          0          0          0         96   fdiv.o
        62          4          0          0          0         84   ffixu.o
        86          0          0          0          0        136   fflt_clz.o
       258          4          0          0          0         84   fmul.o
       140          4          0          0          0         84   fnaninf.o
        10          0          0          0          0         68   fretinf.o
         4          0          0          0          0         68   printf1.o
         0          0          0          0          0          0   usenofp.o
        40          0          0          0          0         68   fpclassify.o

    ----------------------------------------------------------------------
      8314        386        516          0         96       5628   Library Totals
        22          0          3          0          0          0   (incl. Padding)

    ----------------------------------------------------------------------

      Code (inc. data)   RO Data    RW Data    ZI Data      Debug   Library Name

      6152        266        513          0         96       4264   c_w.l
      2100        120          0          0          0       1296   fz_ws.l
        40          0          0          0          0         68   m_ws.l

    ----------------------------------------------------------------------
      8314        386        516          0         96       5628   Library Totals

    ----------------------------------------------------------------------

==============================================================================


      Code (inc. data)   RO Data    RW Data    ZI Data      Debug   

     57326       3278       7438        468       8340     434325   Grand Totals
     57326       3278       7438        124       8340     434325   ELF Image Totals (compressed)
     57326       3278       7438        124          0          0   ROM Totals

==============================================================================

    Total RO  Size (Code + RO Data)                64764 (  63.25kB)
    Total RW  Size (RW Data + ZI Data)              8808 (   8.60kB)
    Total ROM Size (Code + RO Data + RW Data)      64888 (  63.37kB)

==============================================================================

